Archive member included to satisfy reference by file (symbol)

d:/01- imt sdk/imt_sdk_win_64/imt_sdk_win_64/winarm/armgcc/bin/../lib/gcc/arm-none-eabi/7.2.1/../../../../arm-none-eabi/lib/thumb/v7e-m\libg_nano.a(lib_a-errno.o)
                              ./system/src/newlib/_sbrk.o (__errno)
d:/01- imt sdk/imt_sdk_win_64/imt_sdk_win_64/winarm/armgcc/bin/../lib/gcc/arm-none-eabi/7.2.1/../../../../arm-none-eabi/lib/thumb/v7e-m\libg_nano.a(lib_a-impure.o)
                              d:/01- imt sdk/imt_sdk_win_64/imt_sdk_win_64/winarm/armgcc/bin/../lib/gcc/arm-none-eabi/7.2.1/../../../../arm-none-eabi/lib/thumb/v7e-m\libg_nano.a(lib_a-errno.o) (_impure_ptr)
d:/01- imt sdk/imt_sdk_win_64/imt_sdk_win_64/winarm/armgcc/bin/../lib/gcc/arm-none-eabi/7.2.1/../../../../arm-none-eabi/lib/thumb/v7e-m\libg_nano.a(lib_a-strlen.o)
                              ./system/src/diag/Trace.o (strlen)
d:/01- imt sdk/imt_sdk_win_64/imt_sdk_win_64/winarm/armgcc/bin/../lib/gcc/arm-none-eabi/7.2.1/../../../../arm-none-eabi/lib/thumb/v7e-m\libg_nano.a(lib_a-vsnprintf.o)
                              ./system/src/diag/Trace.o (vsnprintf)
d:/01- imt sdk/imt_sdk_win_64/imt_sdk_win_64/winarm/armgcc/bin/../lib/gcc/arm-none-eabi/7.2.1/../../../../arm-none-eabi/lib/thumb/v7e-m\libg_nano.a(lib_a-nano-svfprintf.o)
                              d:/01- imt sdk/imt_sdk_win_64/imt_sdk_win_64/winarm/armgcc/bin/../lib/gcc/arm-none-eabi/7.2.1/../../../../arm-none-eabi/lib/thumb/v7e-m\libg_nano.a(lib_a-vsnprintf.o) (_svfprintf_r)
d:/01- imt sdk/imt_sdk_win_64/imt_sdk_win_64/winarm/armgcc/bin/../lib/gcc/arm-none-eabi/7.2.1/../../../../arm-none-eabi/lib/thumb/v7e-m\libg_nano.a(lib_a-nano-vfprintf_i.o)
                              d:/01- imt sdk/imt_sdk_win_64/imt_sdk_win_64/winarm/armgcc/bin/../lib/gcc/arm-none-eabi/7.2.1/../../../../arm-none-eabi/lib/thumb/v7e-m\libg_nano.a(lib_a-nano-svfprintf.o) (_printf_i)
d:/01- imt sdk/imt_sdk_win_64/imt_sdk_win_64/winarm/armgcc/bin/../lib/gcc/arm-none-eabi/7.2.1/../../../../arm-none-eabi/lib/thumb/v7e-m\libg_nano.a(lib_a-memchr.o)
                              d:/01- imt sdk/imt_sdk_win_64/imt_sdk_win_64/winarm/armgcc/bin/../lib/gcc/arm-none-eabi/7.2.1/../../../../arm-none-eabi/lib/thumb/v7e-m\libg_nano.a(lib_a-nano-svfprintf.o) (memchr)
d:/01- imt sdk/imt_sdk_win_64/imt_sdk_win_64/winarm/armgcc/bin/../lib/gcc/arm-none-eabi/7.2.1/../../../../arm-none-eabi/lib/thumb/v7e-m\libg_nano.a(lib_a-memcpy-stub.o)
                              d:/01- imt sdk/imt_sdk_win_64/imt_sdk_win_64/winarm/armgcc/bin/../lib/gcc/arm-none-eabi/7.2.1/../../../../arm-none-eabi/lib/thumb/v7e-m\libg_nano.a(lib_a-nano-svfprintf.o) (memcpy)
d:/01- imt sdk/imt_sdk_win_64/imt_sdk_win_64/winarm/armgcc/bin/../lib/gcc/arm-none-eabi/7.2.1/../../../../arm-none-eabi/lib/thumb/v7e-m\libg_nano.a(lib_a-memmove.o)
                              d:/01- imt sdk/imt_sdk_win_64/imt_sdk_win_64/winarm/armgcc/bin/../lib/gcc/arm-none-eabi/7.2.1/../../../../arm-none-eabi/lib/thumb/v7e-m\libg_nano.a(lib_a-nano-svfprintf.o) (memmove)
d:/01- imt sdk/imt_sdk_win_64/imt_sdk_win_64/winarm/armgcc/bin/../lib/gcc/arm-none-eabi/7.2.1/../../../../arm-none-eabi/lib/thumb/v7e-m\libg_nano.a(lib_a-nano-freer.o)
                              d:/01- imt sdk/imt_sdk_win_64/imt_sdk_win_64/winarm/armgcc/bin/../lib/gcc/arm-none-eabi/7.2.1/../../../../arm-none-eabi/lib/thumb/v7e-m\libg_nano.a(lib_a-nano-svfprintf.o) (_free_r)
d:/01- imt sdk/imt_sdk_win_64/imt_sdk_win_64/winarm/armgcc/bin/../lib/gcc/arm-none-eabi/7.2.1/../../../../arm-none-eabi/lib/thumb/v7e-m\libg_nano.a(lib_a-nano-mallocr.o)
                              d:/01- imt sdk/imt_sdk_win_64/imt_sdk_win_64/winarm/armgcc/bin/../lib/gcc/arm-none-eabi/7.2.1/../../../../arm-none-eabi/lib/thumb/v7e-m\libg_nano.a(lib_a-nano-svfprintf.o) (_malloc_r)
d:/01- imt sdk/imt_sdk_win_64/imt_sdk_win_64/winarm/armgcc/bin/../lib/gcc/arm-none-eabi/7.2.1/../../../../arm-none-eabi/lib/thumb/v7e-m\libg_nano.a(lib_a-nano-reallocr.o)
                              d:/01- imt sdk/imt_sdk_win_64/imt_sdk_win_64/winarm/armgcc/bin/../lib/gcc/arm-none-eabi/7.2.1/../../../../arm-none-eabi/lib/thumb/v7e-m\libg_nano.a(lib_a-nano-svfprintf.o) (_realloc_r)
d:/01- imt sdk/imt_sdk_win_64/imt_sdk_win_64/winarm/armgcc/bin/../lib/gcc/arm-none-eabi/7.2.1/../../../../arm-none-eabi/lib/thumb/v7e-m\libg_nano.a(lib_a-sbrkr.o)
                              d:/01- imt sdk/imt_sdk_win_64/imt_sdk_win_64/winarm/armgcc/bin/../lib/gcc/arm-none-eabi/7.2.1/../../../../arm-none-eabi/lib/thumb/v7e-m\libg_nano.a(lib_a-nano-mallocr.o) (_sbrk_r)
d:/01- imt sdk/imt_sdk_win_64/imt_sdk_win_64/winarm/armgcc/bin/../lib/gcc/arm-none-eabi/7.2.1/../../../../arm-none-eabi/lib/thumb/v7e-m\libg_nano.a(lib_a-mlock.o)
                              d:/01- imt sdk/imt_sdk_win_64/imt_sdk_win_64/winarm/armgcc/bin/../lib/gcc/arm-none-eabi/7.2.1/../../../../arm-none-eabi/lib/thumb/v7e-m\libg_nano.a(lib_a-nano-freer.o) (__malloc_lock)
[...]
Memory Configuration

Name             Origin             Length             Attributes
RAM              0x20000000         0x00010000         xrw
CCMRAM           0x10000000         0x00000000         xrw
FLASH            0x08000000         0x00040000         xr
FLASHB1          0x00000000         0x00000000         xr
EXTMEMB0         0x00000000         0x00000000         xr
EXTMEMB1         0x00000000         0x00000000         xr
EXTMEMB2         0x00000000         0x00000000         xr
EXTMEMB3         0x00000000         0x00000000         xr
*default*        0x00000000         0xffffffff

Linker script and memory map

LOAD ./system/src/stm32f4-hal/stm32f4xx_hal.o
LOAD ./system/src/stm32f4-hal/stm32f4xx_hal_cortex.o
LOAD ./system/src/stm32f4-hal/stm32f4xx_hal_dfsdm.o
LOAD ./system/src/stm32f4-hal/stm32f4xx_hal_flash.o
LOAD ./system/src/stm32f4-hal/stm32f4xx_hal_gpio.o
LOAD ./system/src/stm32f4-hal/stm32f4xx_hal_iwdg.o
LOAD ./system/src/stm32f4-hal/stm32f4xx_hal_pwr.o
LOAD ./system/src/stm32f4-hal/stm32f4xx_hal_rcc.o
LOAD ./system/src/newlib/_cxx.o
LOAD ./system/src/newlib/_exit.o
LOAD ./system/src/newlib/_sbrk.o
LOAD ./system/src/newlib/_startup.o
LOAD ./system/src/newlib/_syscalls.o
LOAD ./system/src/newlib/assert.o
LOAD ./system/src/diag/Trace.o
LOAD ./system/src/diag/trace_impl.o
LOAD ./system/src/cortexm/_initialize_hardware.o
LOAD ./system/src/cortexm/_reset_hardware.o
LOAD ./system/src/cortexm/exception_handlers.o
LOAD ./system/src/cmsis/system_stm32f4xx.o
LOAD ./system/src/cmsis/vectors_stm32f401xc.o
LOAD ./src/Keypad_prg.o
LOAD ./src/LCD.o
LOAD ./src/LEDMATRIX_prg.o
LOAD ./src/MEXTI_prg.o
LOAD ./src/MGPIO_prg.o
LOAD ./src/MNVIC_prg.o
LOAD ./src/MRCC_prg.o
LOAD ./src/MUART_prg.o
LOAD ./src/SPI_prg.o
LOAD ./src/STK_prg.o
LOAD ./src/SYS_INIT.o
LOAD ./src/Servo_motor.o
LOAD ./src/TFT_prg.o
LOAD ./src/main.o
LOAD ./src/stm32f4xx_hal_msp.o
LOAD d:/01- imt sdk/imt_sdk_win_64/imt_sdk_win_64/winarm/armgcc/bin/../lib/gcc/arm-none-eabi/7.2.1/../../../../arm-none-eabi/lib/thumb/v7e-m\libstdc++_nano.a
LOAD d:/01- imt sdk/imt_sdk_win_64/imt_sdk_win_64/winarm/armgcc/bin/../lib/gcc/arm-none-eabi/7.2.1/../../../../arm-none-eabi/lib/thumb/v7e-m\libm.a
START GROUP
LOAD d:/01- imt sdk/imt_sdk_win_64/imt_sdk_win_64/winarm/armgcc/bin/../lib/gcc/arm-none-eabi/7.2.1/thumb/v7e-m\libgcc.a
LOAD d:/01- imt sdk/imt_sdk_win_64/imt_sdk_win_64/winarm/armgcc/bin/../lib/gcc/arm-none-eabi/7.2.1/../../../../arm-none-eabi/lib/thumb/v7e-m\libg_nano.a
LOAD d:/01- imt sdk/imt_sdk_win_64/imt_sdk_win_64/winarm/armgcc/bin/../lib/gcc/arm-none-eabi/7.2.1/../../../../arm-none-eabi/lib/thumb/v7e-m\libc_nano.a
END GROUP
START GROUP
LOAD d:/01- imt sdk/imt_sdk_win_64/imt_sdk_win_64/winarm/armgcc/bin/../lib/gcc/arm-none-eabi/7.2.1/thumb/v7e-m\libgcc.a
LOAD d:/01- imt sdk/imt_sdk_win_64/imt_sdk_win_64/winarm/armgcc/bin/../lib/gcc/arm-none-eabi/7.2.1/../../../../arm-none-eabi/lib/thumb/v7e-m\libc_nano.a
END GROUP
                0x20010000                __stack = (ORIGIN (RAM) + LENGTH (RAM))
                0x20010000                _estack = __stack
                0x00000400                __Main_Stack_Size = 0x400
                [!provide]                PROVIDE (_Main_Stack_Size, __Main_Stack_Size)
                0x2000fc00                __Main_Stack_Limit = (__stack - __Main_Stack_Size)
                [!provide]                PROVIDE (_Main_Stack_Limit, __Main_Stack_Limit)
                0x00000100                _Minimum_Stack_Size = 0x100
                0x20000144                PROVIDE (_Heap_Begin, _end_noinit)
                0x2000fc00                PROVIDE (_Heap_Limit, (__stack - __Main_Stack_Size))

.isr_vector     0x08000000      0x3f4
 FILL mask 0xff
                0x08000000                __vectors_start = ABSOLUTE (.)
                0x08000000                __vectors_start__ = ABSOLUTE (.)
 *(.isr_vector)
 .isr_vector    0x08000000      0x194 ./system/src/cmsis/vectors_stm32f401xc.o
                0x08000000                __isr_vectors
 *(.cfmconfig)
 *(.after_vectors .after_vectors.*)
 .after_vectors
                0x08000194      0x130 ./system/src/newlib/_startup.o
                0x08000194                _start
 .after_vectors
                0x080002c4      0x12c ./system/src/cortexm/exception_handlers.o
                0x080002c4                Reset_Handler
                0x080002ca                NMI_Handler
                0x080002ce                HardFault_Handler
                0x080002e2                HardFault_Handler_C
                0x08000340                MemManage_Handler
                0x08000344                BusFault_Handler
                0x08000358                BusFault_Handler_C
                0x0800038c                UsageFault_Handler
                0x080003a0                UsageFault_Handler_C
                0x080003d4                SVC_Handler
                0x080003d8                DebugMon_Handler
                0x080003dc                PendSV_Handler
                0x080003e0                SysTick_Handler
 .after_vectors
                0x080003f0        0x4 ./system/src/cmsis/vectors_stm32f401xc.o
                0x080003f0                RTC_Alarm_IRQHandler
                0x080003f0                EXTI2_IRQHandler
                0x080003f0                SPI4_IRQHandler
                0x080003f0                TIM1_CC_IRQHandler
                0x080003f0                DMA2_Stream5_IRQHandler
                0x080003f0                DMA1_Stream5_IRQHandler
                0x080003f0                PVD_IRQHandler
                0x080003f0                SDIO_IRQHandler
                0x080003f0                TAMP_STAMP_IRQHandler
                0x080003f0                EXTI3_IRQHandler
                0x080003f0                TIM1_UP_TIM10_IRQHandler
                0x080003f0                I2C3_ER_IRQHandler
                0x080003f0                I2C2_EV_IRQHandler
                0x080003f0                DMA1_Stream2_IRQHandler
                0x080003f0                FPU_IRQHandler
                0x080003f0                DMA2_Stream2_IRQHandler
                0x080003f0                TIM1_BRK_TIM9_IRQHandler
                0x080003f0                DMA2_Stream3_IRQHandler
                0x080003f0                USART6_IRQHandler
                0x080003f0                DMA2_Stream0_IRQHandler
                0x080003f0                TIM4_IRQHandler
                0x080003f0                I2C1_EV_IRQHandler
                0x080003f0                DMA1_Stream6_IRQHandler
                0x080003f0                DMA1_Stream1_IRQHandler
                0x080003f0                TIM3_IRQHandler
                0x080003f0                RCC_IRQHandler
                0x080003f0                Default_Handler
                0x080003f0                EXTI15_10_IRQHandler
                0x080003f0                ADC_IRQHandler
                0x080003f0                DMA1_Stream7_IRQHandler
                0x080003f0                TIM5_IRQHandler
                0x080003f0                DMA2_Stream7_IRQHandler
                0x080003f0                I2C3_EV_IRQHandler
                0x080003f0                EXTI9_5_IRQHandler
                0x080003f0                RTC_WKUP_IRQHandler
                0x080003f0                SPI2_IRQHandler
                0x080003f0                DMA1_Stream0_IRQHandler
                0x080003f0                EXTI4_IRQHandler
                0x080003f0                WWDG_IRQHandler
                0x080003f0                TIM2_IRQHandler
                0x080003f0                OTG_FS_WKUP_IRQHandler
                0x080003f0                TIM1_TRG_COM_TIM11_IRQHandler
                0x080003f0                I2C2_ER_IRQHandler
                0x080003f0                DMA2_Stream1_IRQHandler
                0x080003f0                FLASH_IRQHandler
                0x080003f0                DMA2_Stream4_IRQHandler
                0x080003f0                OTG_FS_IRQHandler
                0x080003f0                SPI3_IRQHandler
                0x080003f0                DMA1_Stream4_IRQHandler
                0x080003f0                I2C1_ER_IRQHandler
                0x080003f0                DMA2_Stream6_IRQHandler
                0x080003f0                DMA1_Stream3_IRQHandler

.inits          0x080003f4       0x28
                0x080003f4                __data_regions_array_start = .
                0x080003f4        0x4 LONG 0x8002c6c LOADADDR (.data)
                0x080003f8        0x4 LONG 0x20000000 ADDR (.data)
                0x080003fc        0x4 LONG 0x2000007c (ADDR (.data) + SIZEOF (.data))
                0x08000400        0x4 LONG 0x8002c6c LOADADDR (.data_CCMRAM)
                0x08000404        0x4 LONG 0x10000000 ADDR (.data_CCMRAM)
                0x08000408        0x4 LONG 0x10000000 (ADDR (.data_CCMRAM) + SIZEOF (.data_CCMRAM))
                0x0800040c                __data_regions_array_end = .
                0x0800040c                __bss_regions_array_start = .
                0x0800040c        0x4 LONG 0x2000007c ADDR (.bss)
                0x08000410        0x4 LONG 0x20000144 (ADDR (.bss) + SIZEOF (.bss))
                0x08000414        0x4 LONG 0x10000000 ADDR (.bss_CCMRAM)
                0x08000418        0x4 LONG 0x10000000 (ADDR (.bss_CCMRAM) + SIZEOF (.bss_CCMRAM))
                0x0800041c                __bss_regions_array_end = .
 *(.init)
 *(.fini)
                0x0800041c                . = ALIGN (0x4)
                0x0800041c                PROVIDE (__preinit_array_start, .)
 *(.preinit_array_sysinit .preinit_array_sysinit.*)
 *(.preinit_array_platform .preinit_array_platform.*)
 *(.preinit_array .preinit_array.*)
                0x0800041c                PROVIDE (__preinit_array_end, .)
                0x0800041c                . = ALIGN (0x4)
                0x0800041c                PROVIDE (__init_array_start, .)
 *(SORT_BY_NAME(.init_array.*))
 *(.init_array)
                0x0800041c                PROVIDE (__init_array_end, .)
                0x0800041c                . = ALIGN (0x4)
                0x0800041c                PROVIDE (__fini_array_start, .)
 *(SORT_BY_NAME(.fini_array.*))
 *(.fini_array)
                0x0800041c                PROVIDE (__fini_array_end, .)

.flashtext
 *(.flashtext .flashtext.*)

.text           0x08000420     0x284b
 *(.text .text.*)
 .text._exit    0x08000420        0x2 ./system/src/newlib/_exit.o
                0x08000420                _exit
 *fill*         0x08000422        0x2 
 .text._sbrk    0x08000424       0x44 ./system/src/newlib/_sbrk.o
                0x08000424                _sbrk
 .text.__initialize_args
                0x08000468       0x10 ./system/src/newlib/_syscalls.o
                0x08000468                __initialize_args
 .text.trace_printf
                0x08000478       0x30 ./system/src/diag/Trace.o
                0x08000478                trace_printf
 .text._trace_write_semihosting_debug
                0x080004a8       0x60 ./system/src/diag/trace_impl.o
 .text.trace_write
                0x08000508        0x8 ./system/src/diag/trace_impl.o
                0x08000508                trace_write
 .text.__initialize_hardware_early
                0x08000510       0x18 ./system/src/cortexm/_initialize_hardware.o
                0x08000510                __initialize_hardware_early
 .text.__initialize_hardware
                0x08000528        0x8 ./system/src/cortexm/_initialize_hardware.o
                0x08000528                __initialize_hardware
 .text.dumpExceptionStack
                0x08000530       0xf4 ./system/src/cortexm/exception_handlers.o
                0x08000530                dumpExceptionStack
 .text.isSemihosting
                0x08000624       0x20 ./system/src/cortexm/exception_handlers.o
                0x08000624                isSemihosting
 .text.SystemInit
                0x08000644       0x40 ./system/src/cmsis/system_stm32f4xx.o
                0x08000644                SystemInit
 .text.SystemCoreClockUpdate
                0x08000684       0xa0 ./system/src/cmsis/system_stm32f4xx.o
                0x08000684                SystemCoreClockUpdate
 .text.keypad_init
                0x08000724       0x90 ./src/Keypad_prg.o
                0x08000724                keypad_init
 .text.keypad_Get_Pressed_Key
                0x080007b4       0x6c ./src/Keypad_prg.o
                0x080007b4                keypad_Get_Pressed_Key
 .text.WriteData_4BIT
                0x08000820      0x130 ./src/LCD.o
 .text.WriteIns_4BIT
                0x08000950      0x130 ./src/LCD.o
 .text.LCD_WriteChar
                0x08000a80        0x8 ./src/LCD.o
                0x08000a80                LCD_WriteChar
 .text.LCD_WriteString
                0x08000a88       0x18 ./src/LCD.o
                0x08000a88                LCD_WriteString
 .text.LCD_SetCursor
                0x08000aa0       0x1e ./src/LCD.o
                0x08000aa0                LCD_SetCursor
 .text.LCD_Clear
                0x08000abe       0x10 ./src/LCD.o
                0x08000abe                LCD_Clear
 *fill*         0x08000ace        0x2 
 .text.LCD_WriteNumber
                0x08000ad0       0x6c ./src/LCD.o
                0x08000ad0                LCD_WriteNumber
 .text.LCD_Init_4BIT
                0x08000b3c       0x28 ./src/LCD.o
                0x08000b3c                LCD_Init_4BIT
 .text.EXTI0_VoidCallBack
                0x08000b64        0xc ./src/MEXTI_prg.o
                0x08000b64                EXTI0_VoidCallBack
 .text.EXTI1_VoidCallBack
                0x08000b70        0xc ./src/MEXTI_prg.o
                0x08000b70                EXTI1_VoidCallBack
 .text.EXTI0_IRQHandler
                0x08000b7c       0x1c ./src/MEXTI_prg.o
                0x08000b7c                EXTI0_IRQHandler
 .text.EXTI1_IRQHandler
                0x08000b98       0x1c ./src/MEXTI_prg.o
                0x08000b98                EXTI1_IRQHandler
 .text.MEXTI_voidSetTriggerSource
                0x08000bb4       0x60 ./src/MEXTI_prg.o
                0x08000bb4                MEXTI_voidSetTriggerSource
 .text.MEXTI_voidSetPortExtiCfg
                0x08000c14       0x2c ./src/MEXTI_prg.o
                0x08000c14                MEXTI_voidSetPortExtiCfg
 .text.MGPIO_SetPinMode
                0x08000c40       0x70 ./src/MGPIO_prg.o
                0x08000c40                MGPIO_SetPinMode
 .text.MGPIO_SetPinAlterFunc
                0x08000cb0       0x98 ./src/MGPIO_prg.o
                0x08000cb0                MGPIO_SetPinAlterFunc
 .text.MGPIO_SetOutputPinMode
                0x08000d48       0xac ./src/MGPIO_prg.o
                0x08000d48                MGPIO_SetOutputPinMode
 .text.MGPIO_SetInputPin
                0x08000df4       0x70 ./src/MGPIO_prg.o
                0x08000df4                MGPIO_SetInputPin
 .text.MGPIO_SetPinValue
                0x08000e64       0x64 ./src/MGPIO_prg.o
                0x08000e64                MGPIO_SetPinValue
 .text.MGPIO_TogglePinValue
                0x08000ec8       0x64 ./src/MGPIO_prg.o
                0x08000ec8                MGPIO_TogglePinValue
 .text.MGPIO_voidGetPinValue
                0x08000f2c       0x40 ./src/MGPIO_prg.o
                0x08000f2c                MGPIO_voidGetPinValue
 .text.MNVIC_EnableInterrupt
                0x08000f6c       0x18 ./src/MNVIC_prg.o
                0x08000f6c                MNVIC_EnableInterrupt
 .text.MNVIC_DisablePerInt
                0x08000f84       0x1c ./src/MNVIC_prg.o
                0x08000f84                MNVIC_DisablePerInt
 .text.MNVIC_u8IsInterruptActive
                0x08000fa0       0x1c ./src/MNVIC_prg.o
                0x08000fa0                MNVIC_u8IsInterruptActive
 .text.MNVIC_SetIntterruptPriority
                0x08000fbc       0x80 ./src/MNVIC_prg.o
                0x08000fbc                MNVIC_SetIntterruptPriority
 .text.MNVIC_SetIntterruptGroupMode
                0x0800103c       0x24 ./src/MNVIC_prg.o
                0x0800103c                MNVIC_SetIntterruptGroupMode
 .text.MRCC_InitSysClk
                0x08001060       0x4c ./src/MRCC_prg.o
                0x08001060                MRCC_InitSysClk
 .text.MRCC_vidEnable_Peripheral
                0x080010ac       0x50 ./src/MRCC_prg.o
                0x080010ac                MRCC_vidEnable_Peripheral
 .text.MUSART_voidInit1
                0x080010fc       0x54 ./src/MUART_prg.o
                0x080010fc                MUSART_voidInit1
 .text.MUART_voidEnable
                0x08001150       0x1c ./src/MUART_prg.o
                0x08001150                MUART_voidEnable
 .text.MUART_voidCallBack
                0x0800116c        0xc ./src/MUART_prg.o
                0x0800116c                MUART_voidCallBack
 .text.USART1_IRQHandler
                0x08001178       0x10 ./src/MUART_prg.o
                0x08001178                USART1_IRQHandler
 .text.MUSART_voidTransmitChar
                0x08001188       0x20 ./src/MUART_prg.o
                0x08001188                MUSART_voidTransmitChar
 .text.UART_READ_DATA
                0x080011a8       0x18 ./src/MUART_prg.o
                0x080011a8                UART_READ_DATA
 .text.MUSART_voidInit2
                0x080011c0       0x5c ./src/MUART_prg.o
                0x080011c0                MUSART_voidInit2
 .text.UART2_READ_DATA
                0x0800121c       0x18 ./src/MUART_prg.o
                0x0800121c                UART2_READ_DATA
 .text.MUART2_voidCallBack
                0x08001234        0xc ./src/MUART_prg.o
                0x08001234                MUART2_voidCallBack
 .text.USART2_IRQHandler
                0x08001240       0x10 ./src/MUART_prg.o
                0x08001240                USART2_IRQHandler
 .text.SPI1_IRQHandler
                0x08001250       0x10 ./src/SPI_prg.o
                0x08001250                SPI1_IRQHandler
 .text.MSTK_voidInit
                0x08001260       0x10 ./src/STK_prg.o
                0x08001260                MSTK_voidInit
 .text.MSTK_voidIntState
                0x08001270       0x24 ./src/STK_prg.o
                0x08001270                MSTK_voidIntState
 .text.MSTK_voidStart
                0x08001294       0x18 ./src/STK_prg.o
                0x08001294                MSTK_voidStart
 .text.MSTK_u8ReadFlag
                0x080012ac       0x10 ./src/STK_prg.o
                0x080012ac                MSTK_u8ReadFlag
 .text.MSTK_voidDelayMsec
                0x080012bc       0x20 ./src/STK_prg.o
                0x080012bc                MSTK_voidDelayMsec
 .text.USER1    0x080012dc       0x58 ./src/SYS_INIT.o
                0x080012dc                USER1
 .text.USER2    0x08001334       0x90 ./src/SYS_INIT.o
                0x08001334                USER2
 .text.USER3    0x080013c4      0x190 ./src/SYS_INIT.o
                0x080013c4                USER3
 .text.ADMIN_STATE
                0x08001554       0x48 ./src/SYS_INIT.o
                0x08001554                ADMIN_STATE
 .text.MUART_RUNNABLE
                0x0800159c       0x60 ./src/SYS_INIT.o
                0x0800159c                MUART_RUNNABLE
 .text.EXTI_INIT
                0x080015fc       0xbc ./src/SYS_INIT.o
                0x080015fc                EXTI_INIT
 .text.SYS_INIT
                0x080016b8       0x48 ./src/SYS_INIT.o
                0x080016b8                SYS_INIT
 .text.ENTERY_LED_ON
                0x08001700       0x24 ./src/SYS_INIT.o
                0x08001700                ENTERY_LED_ON
 .text.ENTERY_LED_OFF
                0x08001724       0x24 ./src/SYS_INIT.o
                0x08001724                ENTERY_LED_OFF
 .text.EXIT_LED_ON
                0x08001748       0x24 ./src/SYS_INIT.o
                0x08001748                EXIT_LED_ON
 .text.EXIT_LED_OFF
                0x0800176c       0x24 ./src/SYS_INIT.o
                0x0800176c                EXIT_LED_OFF
 .text.Servo1_Entry_Gate_Init
                0x08001790       0x1a ./src/Servo_motor.o
                0x08001790                Servo1_Entry_Gate_Init
 .text.Servo1_Entry_Gate
                0x080017aa       0x48 ./src/Servo_motor.o
                0x080017aa                Servo1_Entry_Gate
 .text.Servo2_Exit_Gate_Init
                0x080017f2       0x1a ./src/Servo_motor.o
                0x080017f2                Servo2_Exit_Gate_Init
 .text.Servo2_Exit_Gate
                0x0800180c       0x48 ./src/Servo_motor.o
                0x0800180c                Servo2_Exit_Gate
 .text.main     0x08001854       0x14 ./src/main.o
                0x08001854                main
 .text.ENTER_GATE
                0x08001868      0x45c ./src/main.o
                0x08001868                ENTER_GATE
 .text.SERVO_ENTER
                0x08001cc4       0x18 ./src/main.o
                0x08001cc4                SERVO_ENTER
 .text.EXIT_GATE
                0x08001cdc      0x424 ./src/main.o
                0x08001cdc                EXIT_GATE
 .text.SERVO_EXIT
                0x08002100       0x18 ./src/main.o
                0x08002100                SERVO_EXIT
 .text.__errno  0x08002118        0xc d:/01- imt sdk/imt_sdk_win_64/imt_sdk_win_64/winarm/armgcc/bin/../lib/gcc/arm-none-eabi/7.2.1/../../../../arm-none-eabi/lib/thumb/v7e-m\libg_nano.a(lib_a-errno.o)
                0x08002118                __errno
 .text._vsnprintf_r
                0x08002124       0x58 d:/01- imt sdk/imt_sdk_win_64/imt_sdk_win_64/winarm/armgcc/bin/../lib/gcc/arm-none-eabi/7.2.1/../../../../arm-none-eabi/lib/thumb/v7e-m\libg_nano.a(lib_a-vsnprintf.o)
                0x08002124                _vsniprintf_r
                0x08002124                _vsnprintf_r
 .text.vsnprintf
                0x0800217c       0x1c d:/01- imt sdk/imt_sdk_win_64/imt_sdk_win_64/winarm/armgcc/bin/../lib/gcc/arm-none-eabi/7.2.1/../../../../arm-none-eabi/lib/thumb/v7e-m\libg_nano.a(lib_a-vsnprintf.o)
                0x0800217c                vsniprintf
                0x0800217c                vsnprintf
 .text.__ssputs_r
                0x08002198       0xb4 d:/01- imt sdk/imt_sdk_win_64/imt_sdk_win_64/winarm/armgcc/bin/../lib/gcc/arm-none-eabi/7.2.1/../../../../arm-none-eabi/lib/thumb/v7e-m\libg_nano.a(lib_a-nano-svfprintf.o)
                0x08002198                __ssputs_r
 .text._svfprintf_r
                0x0800224c      0x1ec d:/01- imt sdk/imt_sdk_win_64/imt_sdk_win_64/winarm/armgcc/bin/../lib/gcc/arm-none-eabi/7.2.1/../../../../arm-none-eabi/lib/thumb/v7e-m\libg_nano.a(lib_a-nano-svfprintf.o)
                0x0800224c                _svfiprintf_r
                0x0800224c                _svfprintf_r
 .text._printf_common
                0x08002438       0xea d:/01- imt sdk/imt_sdk_win_64/imt_sdk_win_64/winarm/armgcc/bin/../lib/gcc/arm-none-eabi/7.2.1/../../../../arm-none-eabi/lib/thumb/v7e-m\libg_nano.a(lib_a-nano-vfprintf_i.o)
                0x08002438                _printf_common
 *fill*         0x08002522        0x2 
 .text._printf_i
                0x08002524      0x224 d:/01- imt sdk/imt_sdk_win_64/imt_sdk_win_64/winarm/armgcc/bin/../lib/gcc/arm-none-eabi/7.2.1/../../../../arm-none-eabi/lib/thumb/v7e-m\libg_nano.a(lib_a-nano-vfprintf_i.o)
                0x08002524                _printf_i
 *fill*         0x08002748        0x8 
 .text          0x08002750       0xa0 d:/01- imt sdk/imt_sdk_win_64/imt_sdk_win_64/winarm/armgcc/bin/../lib/gcc/arm-none-eabi/7.2.1/../../../../arm-none-eabi/lib/thumb/v7e-m\libg_nano.a(lib_a-memchr.o)
                0x08002750                memchr
 .text.memcpy   0x080027f0       0x16 d:/01- imt sdk/imt_sdk_win_64/imt_sdk_win_64/winarm/armgcc/bin/../lib/gcc/arm-none-eabi/7.2.1/../../../../arm-none-eabi/lib/thumb/v7e-m\libg_nano.a(lib_a-memcpy-stub.o)
                0x080027f0                memcpy
 .text.memmove  0x08002806       0x32 d:/01- imt sdk/imt_sdk_win_64/imt_sdk_win_64/winarm/armgcc/bin/../lib/gcc/arm-none-eabi/7.2.1/../../../../arm-none-eabi/lib/thumb/v7e-m\libg_nano.a(lib_a-memmove.o)
                0x08002806                memmove
 .text._free_r  0x08002838       0x9c d:/01- imt sdk/imt_sdk_win_64/imt_sdk_win_64/winarm/armgcc/bin/../lib/gcc/arm-none-eabi/7.2.1/../../../../arm-none-eabi/lib/thumb/v7e-m\libg_nano.a(lib_a-nano-freer.o)
                0x08002838                _free_r
 .text._malloc_r
                0x080028d4       0xb4 d:/01- imt sdk/imt_sdk_win_64/imt_sdk_win_64/winarm/armgcc/bin/../lib/gcc/arm-none-eabi/7.2.1/../../../../arm-none-eabi/lib/thumb/v7e-m\libg_nano.a(lib_a-nano-mallocr.o)
                0x080028d4                _malloc_r
 .text._realloc_r
                0x08002988       0x4c d:/01- imt sdk/imt_sdk_win_64/imt_sdk_win_64/winarm/armgcc/bin/../lib/gcc/arm-none-eabi/7.2.1/../../../../arm-none-eabi/lib/thumb/v7e-m\libg_nano.a(lib_a-nano-reallocr.o)
                0x08002988                _realloc_r
 .text._sbrk_r  0x080029d4       0x20 d:/01- imt sdk/imt_sdk_win_64/imt_sdk_win_64/winarm/armgcc/bin/../lib/gcc/arm-none-eabi/7.2.1/../../../../arm-none-eabi/lib/thumb/v7e-m\libg_nano.a(lib_a-sbrkr.o)
                0x080029d4                _sbrk_r
 .text.__malloc_lock
                0x080029f4        0x2 d:/01- imt sdk/imt_sdk_win_64/imt_sdk_win_64/winarm/armgcc/bin/../lib/gcc/arm-none-eabi/7.2.1/../../../../arm-none-eabi/lib/thumb/v7e-m\libg_nano.a(lib_a-mlock.o)
                0x080029f4                __malloc_lock
 .text.__malloc_unlock
                0x080029f6        0x2 d:/01- imt sdk/imt_sdk_win_64/imt_sdk_win_64/winarm/armgcc/bin/../lib/gcc/arm-none-eabi/7.2.1/../../../../arm-none-eabi/lib/thumb/v7e-m\libg_nano.a(lib_a-mlock.o)
                0x080029f6                __malloc_unlock
 .text._malloc_usable_size_r
                0x080029f8       0x10 d:/01- imt sdk/imt_sdk_win_64/imt_sdk_win_64/winarm/armgcc/bin/../lib/gcc/arm-none-eabi/7.2.1/../../../../arm-none-eabi/lib/thumb/v7e-m\libg_nano.a(lib_a-nano-msizer.o)
                0x080029f8                _malloc_usable_size_r
 *(.rodata .rodata.* .constdata .constdata.*)
 .rodata.dumpExceptionStack.str1.4
                0x08002a08      0x11a ./system/src/cortexm/exception_handlers.o
 *fill*         0x08002b22        0x2 
 .rodata.str1.4
                0x08002b24       0x2a ./system/src/cortexm/exception_handlers.o
 *fill*         0x08002b4e        0x2 
 .rodata.AHBPrescTable
                0x08002b50       0x10 ./system/src/cmsis/system_stm32f4xx.o
                0x08002b50                AHBPrescTable
 .rodata.Keypad_Buttons
                0x08002b60        0xc ./src/Keypad_prg.o
 .rodata.ADMIN_STATE.str1.4
                0x08002b6c       0x12 ./src/SYS_INIT.o
 *fill*         0x08002b7e        0x2 
 .rodata.USER1.str1.4
                0x08002b80       0x1c ./src/SYS_INIT.o
 .rodata.USER2.str1.4
                0x08002b9c       0x1d ./src/SYS_INIT.o
 *fill*         0x08002bb9        0x3 
 .rodata.USER3.str1.4
                0x08002bbc       0x3c ./src/SYS_INIT.o
 .rodata.ENTER_GATE.str1.4
                0x08002bf8       0x2f ./src/main.o
                                 0x3f (size before relaxing)
 *fill*         0x08002c27        0x1 
 .rodata.EXIT_GATE.str1.4
                0x08002c28       0x10 ./src/main.o
                                  0xf (size before relaxing)
 .rodata._svfprintf_r.str1.1
                0x08002c38       0x11 d:/01- imt sdk/imt_sdk_win_64/imt_sdk_win_64/winarm/armgcc/bin/../lib/gcc/arm-none-eabi/7.2.1/../../../../arm-none-eabi/lib/thumb/v7e-m\libg_nano.a(lib_a-nano-svfprintf.o)
 .rodata._printf_i.str1.1
                0x08002c49       0x22 d:/01- imt sdk/imt_sdk_win_64/imt_sdk_win_64/winarm/armgcc/bin/../lib/gcc/arm-none-eabi/7.2.1/../../../../arm-none-eabi/lib/thumb/v7e-m\libg_nano.a(lib_a-nano-vfprintf_i.o)
 *(vtable)
 *(.eh_frame*)
 *(.glue_7)
 .glue_7        0x08002c6b        0x0 linker stubs
 *(.glue_7t)
 .glue_7t       0x08002c6b        0x0 linker stubs

.vfp11_veneer   0x08002c6c        0x0
 .vfp11_veneer  0x08002c6c        0x0 linker stubs

.v4_bx          0x08002c6c        0x0
 .v4_bx         0x08002c6c        0x0 linker stubs

.iplt           0x08002c6c        0x0
 .iplt          0x08002c6c        0x0 ./system/src/newlib/_exit.o

.rel.dyn        0x08002c6c        0x0
 .rel.iplt      0x08002c6c        0x0 ./system/src/newlib/_exit.o

.ARM.extab
 *(.ARM.extab* .gnu.linkonce.armextab.*)
                0x08002c6c                . = ALIGN (0x4)
                0x08002c6c                __exidx_start = .

.ARM.exidx
 *(.ARM.exidx* .gnu.linkonce.armexidx.*)
                0x08002c6c                __exidx_end = .
                0x08002c6c                . = ALIGN (0x4)
                0x08002c6c                _etext = .
                0x08002c6c                __etext = .

.data_CCMRAM    0x10000000        0x0 load address 0x08002c6c
 FILL mask 0xff
 *(.data.CCMRAM .data.CCMRAM.*)
                0x10000000                . = ALIGN (0x4)
                0x08002c6c                _sidata = LOADADDR (.data)

.data           0x20000000       0x7c load address 0x08002c6c
 FILL mask 0xff
                0x20000000                _sdata = .
                0x20000000                __data_start__ = .
 *(.data_begin .data_begin.*)
 .data_begin    0x20000000        0x4 ./system/src/newlib/_startup.o
 *(.data .data.*)
 .data.argv.4310
                0x20000004        0x8 ./system/src/newlib/_syscalls.o
 .data.SystemCoreClock
                0x2000000c        0x4 ./system/src/cmsis/system_stm32f4xx.o
                0x2000000c                SystemCoreClock
 .data.space    0x20000010        0x4 ./src/main.o
                0x20000010                space
 .data._impure_ptr
                0x20000014        0x4 d:/01- imt sdk/imt_sdk_win_64/imt_sdk_win_64/winarm/armgcc/bin/../lib/gcc/arm-none-eabi/7.2.1/../../../../arm-none-eabi/lib/thumb/v7e-m\libg_nano.a(lib_a-impure.o)
                0x20000014                _impure_ptr
 .data.impure_data
                0x20000018       0x60 d:/01- imt sdk/imt_sdk_win_64/imt_sdk_win_64/winarm/armgcc/bin/../lib/gcc/arm-none-eabi/7.2.1/../../../../arm-none-eabi/lib/thumb/v7e-m\libg_nano.a(lib_a-impure.o)
 *(.data_end .data_end.*)
 .data_end      0x20000078        0x4 ./system/src/newlib/_startup.o
                0x2000007c                . = ALIGN (0x4)
                0x2000007c                _edata = .
                0x2000007c                __data_end__ = .

.igot.plt       0x2000007c        0x0 load address 0x08002ce8
 .igot.plt      0x2000007c        0x0 ./system/src/newlib/_exit.o

.bss_CCMRAM     0x10000000        0x0
 *(.bss.CCMRAM .bss.CCMRAM.*)

.bss            0x2000007c       0xc8
                0x2000007c                __bss_start__ = .
                0x2000007c                _sbss = .
 *(.bss_begin .bss_begin.*)
 .bss_begin     0x2000007c        0x4 ./system/src/newlib/_startup.o
 *(.bss .bss.*)
 .bss.current_heap_end.3961
                0x20000080        0x4 ./system/src/newlib/_sbrk.o
 .bss.name.4309
                0x20000084        0x1 ./system/src/newlib/_syscalls.o
 *fill*         0x20000085        0x3 
 .bss.buf.5205  0x20000088       0x80 ./system/src/diag/Trace.o
 .bss.EXTI0_CallBack
                0x20000108        0x4 ./src/MEXTI_prg.o
 .bss.EXTI1_CallBack
                0x2000010c        0x4 ./src/MEXTI_prg.o
 .bss.MUART2_CALLPTR
                0x20000110        0x4 ./src/MUART_prg.o
                0x20000110                MUART2_CALLPTR
 .bss.MUART_CALLPTR
                0x20000114        0x4 ./src/MUART_prg.o
                0x20000114                MUART_CALLPTR
 .bss.SPI1_CALLBACK_PTR
                0x20000118        0x4 ./src/SPI_prg.o
 .bss.user1     0x2000011c        0x1 ./src/SYS_INIT.o
                0x2000011c                user1
 .bss.user2     0x2000011d        0x1 ./src/SYS_INIT.o
                0x2000011d                user2
 .bss.user3     0x2000011e        0x1 ./src/SYS_INIT.o
                0x2000011e                user3
 .bss.user1_flag
                0x2000011f        0x1 ./src/main.o
                0x2000011f                user1_flag
 .bss.user2_flag
                0x20000120        0x1 ./src/main.o
                0x20000120                user2_flag
 .bss.user3_flag
                0x20000121        0x1 ./src/main.o
                0x20000121                user3_flag
 *fill*         0x20000122        0x2 
 .bss.__malloc_free_list
                0x20000124        0x4 d:/01- imt sdk/imt_sdk_win_64/imt_sdk_win_64/winarm/armgcc/bin/../lib/gcc/arm-none-eabi/7.2.1/../../../../arm-none-eabi/lib/thumb/v7e-m\libg_nano.a(lib_a-nano-mallocr.o)
                0x20000124                __malloc_free_list
 .bss.__malloc_sbrk_start
                0x20000128        0x4 d:/01- imt sdk/imt_sdk_win_64/imt_sdk_win_64/winarm/armgcc/bin/../lib/gcc/arm-none-eabi/7.2.1/../../../../arm-none-eabi/lib/thumb/v7e-m\libg_nano.a(lib_a-nano-mallocr.o)
                0x20000128                __malloc_sbrk_start
 *(COMMON)
 COMMON         0x2000012c        0x4 ./system/src/newlib/_syscalls.o
                0x2000012c                errno
 COMMON         0x20000130        0x1 ./src/MNVIC_prg.o
                0x20000130                Global_u8PRI
 *fill*         0x20000131        0x3 
 COMMON         0x20000134        0xa ./src/main.o
                0x20000134                arr
                0x20000135                user
                0x20000138                entire
                0x2000013c                motionsenser
                0x2000013d                user70
 *(.bss_end .bss_end.*)
 *fill*         0x2000013e        0x2 
 .bss_end       0x20000140        0x4 ./system/src/newlib/_startup.o
                0x20000144                . = ALIGN (0x4)
                0x20000144                __bss_end__ = .
                0x20000144                _ebss = .

.noinit_CCMRAM
 *(.noinit.CCMRAM .noinit.CCMRAM.*)

.noinit         0x20000144        0x0
                0x20000144                _noinit = .
 *(.noinit .noinit.*)
                0x20000144                . = ALIGN (0x4)
                0x20000144                _end_noinit = .
                [!provide]                PROVIDE (end, _end_noinit)
                [!provide]                PROVIDE (_end, _end_noinit)
                [!provide]                PROVIDE (__end, _end_noinit)
                [!provide]                PROVIDE (__end__, _end_noinit)

._check_stack   0x20000144      0x100
                0x20000244                . = (. + _Minimum_Stack_Size)
 *fill*         0x20000144      0x100 

.b1text
 *(.b1text)
 *(.b1rodata)
 *(.b1rodata.*)

.eb0text
 *(.eb0text)
 *(.eb0rodata)
 *(.eb0rodata.*)

.eb1text
 *(.eb1text)
 *(.eb1rodata)
 *(.eb1rodata.*)

.eb2text
 *(.eb2text)
 *(.eb2rodata)
 *(.eb2rodata.*)

.eb3text
 *(.eb3text)
 *(.eb3rodata)
 *(.eb3rodata.*)

.stab
 *(.stab)

.stabstr
 *(.stabstr)

.stab.excl
 *(.stab.excl)

.stab.exclstr
 *(.stab.exclstr)

.stab.index
 *(.stab.index)

.stab.indexstr
 *(.stab.indexstr)

.comment        0x00000000       0x7e
 *(.comment)
 .comment       0x00000000       0x7e ./system/src/newlib/_exit.o
                                 0x7f (size before relaxing)
 .comment       0x0000007e       0x7f ./system/src/newlib/_sbrk.o
 .comment       0x0000007e       0x7f ./system/src/newlib/_startup.o
 .comment       0x0000007e       0x7f ./system/src/newlib/_syscalls.o
 .comment       0x0000007e       0x7f ./system/src/diag/Trace.o
 .comment       0x0000007e       0x7f ./system/src/diag/trace_impl.o
 .comment       0x0000007e       0x7f ./system/src/cortexm/_initialize_hardware.o
 .comment       0x0000007e       0x7f ./system/src/cortexm/exception_handlers.o
 .comment       0x0000007e       0x7f ./system/src/cmsis/system_stm32f4xx.o
 .comment       0x0000007e       0x7f ./system/src/cmsis/vectors_stm32f401xc.o
 .comment       0x0000007e       0x7f ./src/Keypad_prg.o
 .comment       0x0000007e       0x7f ./src/LCD.o
 .comment       0x0000007e       0x7f ./src/MEXTI_prg.o
 .comment       0x0000007e       0x7f ./src/MGPIO_prg.o
 .comment       0x0000007e       0x7f ./src/MNVIC_prg.o
 .comment       0x0000007e       0x7f ./src/MRCC_prg.o
 .comment       0x0000007e       0x7f ./src/MUART_prg.o
 .comment       0x0000007e       0x7f ./src/SPI_prg.o
 .comment       0x0000007e       0x7f ./src/STK_prg.o
 .comment       0x0000007e       0x7f ./src/SYS_INIT.o
 .comment       0x0000007e       0x7f ./src/Servo_motor.o
 .comment       0x0000007e       0x7f ./src/main.o

.ARM.attributes
                0x00000000       0x31
 .ARM.attributes
                0x00000000       0x33 ./system/src/newlib/_exit.o
 .ARM.attributes
                0x00000033       0x33 ./system/src/newlib/_sbrk.o
 .ARM.attributes
                0x00000066       0x33 ./system/src/newlib/_startup.o
 .ARM.attributes
                0x00000099       0x33 ./system/src/newlib/_syscalls.o
 .ARM.attributes
                0x000000cc       0x33 ./system/src/diag/Trace.o
 .ARM.attributes
                0x000000ff       0x33 ./system/src/diag/trace_impl.o
 .ARM.attributes
                0x00000132       0x33 ./system/src/cortexm/_initialize_hardware.o
 .ARM.attributes
                0x00000165       0x33 ./system/src/cortexm/exception_handlers.o
 .ARM.attributes
                0x00000198       0x33 ./system/src/cmsis/system_stm32f4xx.o
 .ARM.attributes
                0x000001cb       0x33 ./system/src/cmsis/vectors_stm32f401xc.o
 .ARM.attributes
                0x000001fe       0x33 ./src/Keypad_prg.o
 .ARM.attributes
                0x00000231       0x33 ./src/LCD.o
 .ARM.attributes
                0x00000264       0x33 ./src/MEXTI_prg.o
 .ARM.attributes
                0x00000297       0x33 ./src/MGPIO_prg.o
 .ARM.attributes
                0x000002ca       0x33 ./src/MNVIC_prg.o
 .ARM.attributes
                0x000002fd       0x33 ./src/MRCC_prg.o
 .ARM.attributes
                0x00000330       0x33 ./src/MUART_prg.o
 .ARM.attributes
                0x00000363       0x33 ./src/SPI_prg.o
 .ARM.attributes
                0x00000396       0x33 ./src/STK_prg.o
 .ARM.attributes
                0x000003c9       0x33 ./src/SYS_INIT.o
 .ARM.attributes
                0x000003fc       0x33 ./src/Servo_motor.o
 .ARM.attributes
                0x0000042f       0x33 ./src/main.o
 .ARM.attributes
                0x00000462       0x2e d:/01- imt sdk/imt_sdk_win_64/imt_sdk_win_64/winarm/armgcc/bin/../lib/gcc/arm-none-eabi/7.2.1/../../../../arm-none-eabi/lib/thumb/v7e-m\libg_nano.a(lib_a-errno.o)
 .ARM.attributes
                0x00000490       0x2e d:/01- imt sdk/imt_sdk_win_64/imt_sdk_win_64/winarm/armgcc/bin/../lib/gcc/arm-none-eabi/7.2.1/../../../../arm-none-eabi/lib/thumb/v7e-m\libg_nano.a(lib_a-impure.o)
 .ARM.attributes
                0x000004be       0x2e d:/01- imt sdk/imt_sdk_win_64/imt_sdk_win_64/winarm/armgcc/bin/../lib/gcc/arm-none-eabi/7.2.1/../../../../arm-none-eabi/lib/thumb/v7e-m\libg_nano.a(lib_a-vsnprintf.o)
 .ARM.attributes
                0x000004ec       0x2e d:/01- imt sdk/imt_sdk_win_64/imt_sdk_win_64/winarm/armgcc/bin/../lib/gcc/arm-none-eabi/7.2.1/../../../../arm-none-eabi/lib/thumb/v7e-m\libg_nano.a(lib_a-nano-svfprintf.o)
 .ARM.attributes
                0x0000051a       0x2e d:/01- imt sdk/imt_sdk_win_64/imt_sdk_win_64/winarm/armgcc/bin/../lib/gcc/arm-none-eabi/7.2.1/../../../../arm-none-eabi/lib/thumb/v7e-m\libg_nano.a(lib_a-nano-vfprintf_i.o)
 .ARM.attributes
                0x00000548       0x1c d:/01- imt sdk/imt_sdk_win_64/imt_sdk_win_64/winarm/armgcc/bin/../lib/gcc/arm-none-eabi/7.2.1/../../../../arm-none-eabi/lib/thumb/v7e-m\libg_nano.a(lib_a-memchr.o)
 .ARM.attributes
                0x00000564       0x2e d:/01- imt sdk/imt_sdk_win_64/imt_sdk_win_64/winarm/armgcc/bin/../lib/gcc/arm-none-eabi/7.2.1/../../../../arm-none-eabi/lib/thumb/v7e-m\libg_nano.a(lib_a-memcpy-stub.o)
 .ARM.attributes
                0x00000592       0x2e d:/01- imt sdk/imt_sdk_win_64/imt_sdk_win_64/winarm/armgcc/bin/../lib/gcc/arm-none-eabi/7.2.1/../../../../arm-none-eabi/lib/thumb/v7e-m\libg_nano.a(lib_a-memmove.o)
 .ARM.attributes
                0x000005c0       0x2e d:/01- imt sdk/imt_sdk_win_64/imt_sdk_win_64/winarm/armgcc/bin/../lib/gcc/arm-none-eabi/7.2.1/../../../../arm-none-eabi/lib/thumb/v7e-m\libg_nano.a(lib_a-nano-freer.o)
 .ARM.attributes
                0x000005ee       0x2e d:/01- imt sdk/imt_sdk_win_64/imt_sdk_win_64/winarm/armgcc/bin/../lib/gcc/arm-none-eabi/7.2.1/../../../../arm-none-eabi/lib/thumb/v7e-m\libg_nano.a(lib_a-nano-mallocr.o)
 .ARM.attributes
                0x0000061c       0x2e d:/01- imt sdk/imt_sdk_win_64/imt_sdk_win_64/winarm/armgcc/bin/../lib/gcc/arm-none-eabi/7.2.1/../../../../arm-none-eabi/lib/thumb/v7e-m\libg_nano.a(lib_a-nano-reallocr.o)
 .ARM.attributes
                0x0000064a       0x2e d:/01- imt sdk/imt_sdk_win_64/imt_sdk_win_64/winarm/armgcc/bin/../lib/gcc/arm-none-eabi/7.2.1/../../../../arm-none-eabi/lib/thumb/v7e-m\libg_nano.a(lib_a-sbrkr.o)
 .ARM.attributes
                0x00000678       0x2e d:/01- imt sdk/imt_sdk_win_64/imt_sdk_win_64/winarm/armgcc/bin/../lib/gcc/arm-none-eabi/7.2.1/../../../../arm-none-eabi/lib/thumb/v7e-m\libg_nano.a(lib_a-mlock.o)
 .ARM.attributes
                0x000006a6       0x2e d:/01- imt sdk/imt_sdk_win_64/imt_sdk_win_64/winarm/armgcc/bin/../lib/gcc/arm-none-eabi/7.2.1/../../../../arm-none-eabi/lib/thumb/v7e-m\libg_nano.a(lib_a-nano-msizer.o)

.debug
 *(.debug)

.line
 *(.line)

.debug_srcinfo
 *(.debug_srcinfo)

.debug_sfnames
 *(.debug_sfnames)

.debug_aranges  0x00000000      0x640
 *(.debug_aranges)
 .debug_aranges
                0x00000000       0x28 ./system/src/newlib/_exit.o
 .debug_aranges
                0x00000028       0x20 ./system/src/newlib/_sbrk.o
 .debug_aranges
                0x00000048       0x40 ./system/src/newlib/_startup.o
 .debug_aranges
                0x00000088       0x30 ./system/src/newlib/_syscalls.o
 .debug_aranges
                0x000000b8       0x38 ./system/src/diag/Trace.o
 .debug_aranges
                0x000000f0       0x30 ./system/src/diag/trace_impl.o
 .debug_aranges
                0x00000120       0x28 ./system/src/cortexm/_initialize_hardware.o
 .debug_aranges
                0x00000148       0x90 ./system/src/cortexm/exception_handlers.o
 .debug_aranges
                0x000001d8       0x28 ./system/src/cmsis/system_stm32f4xx.o
 .debug_aranges
                0x00000200       0x20 ./system/src/cmsis/vectors_stm32f401xc.o
 .debug_aranges
                0x00000220       0x28 ./src/Keypad_prg.o
 .debug_aranges
                0x00000248       0x90 ./src/LCD.o
 .debug_aranges
                0x000002d8       0x60 ./src/MEXTI_prg.o
 .debug_aranges
                0x00000338       0x68 ./src/MGPIO_prg.o
 .debug_aranges
                0x000003a0       0x50 ./src/MNVIC_prg.o
 .debug_aranges
                0x000003f0       0x30 ./src/MRCC_prg.o
 .debug_aranges
                0x00000420       0x98 ./src/MUART_prg.o
 .debug_aranges
                0x000004b8       0x38 ./src/SPI_prg.o
 .debug_aranges
                0x000004f0       0x68 ./src/STK_prg.o
 .debug_aranges
                0x00000558       0x70 ./src/SYS_INIT.o
 .debug_aranges
                0x000005c8       0x38 ./src/Servo_motor.o
 .debug_aranges
                0x00000600       0x40 ./src/main.o

.debug_pubnames
 *(.debug_pubnames)

.debug_info     0x00000000     0xbcec
 *(.debug_info .gnu.linkonce.wi.*)
 .debug_info    0x00000000      0x956 ./system/src/newlib/_exit.o
 .debug_info    0x00000956      0x942 ./system/src/newlib/_sbrk.o
 .debug_info    0x00001298      0x4bf ./system/src/newlib/_startup.o
 .debug_info    0x00001757      0xa19 ./system/src/newlib/_syscalls.o
 .debug_info    0x00002170      0xb2a ./system/src/diag/Trace.o
 .debug_info    0x00002c9a      0xb6b ./system/src/diag/trace_impl.o
 .debug_info    0x00003805      0xade ./system/src/cortexm/_initialize_hardware.o
 .debug_info    0x000042e3     0x115a ./system/src/cortexm/exception_handlers.o
 .debug_info    0x0000543d      0xcfe ./system/src/cmsis/system_stm32f4xx.o
 .debug_info    0x0000613b       0xca ./system/src/cmsis/vectors_stm32f401xc.o
 .debug_info    0x00006205      0x330 ./src/Keypad_prg.o
 .debug_info    0x00006535     0x12a2 ./src/LCD.o
 .debug_info    0x000077d7      0x347 ./src/MEXTI_prg.o
 .debug_info    0x00007b1e      0x38e ./src/MGPIO_prg.o
 .debug_info    0x00007eac      0x3b5 ./src/MNVIC_prg.o
 .debug_info    0x00008261      0x2c8 ./src/MRCC_prg.o
 .debug_info    0x00008529      0x37f ./src/MUART_prg.o
 .debug_info    0x000088a8      0x260 ./src/SPI_prg.o
 .debug_info    0x00008b08      0x26f ./src/STK_prg.o
 .debug_info    0x00008d77      0xed8 ./src/SYS_INIT.o
 .debug_info    0x00009c4f      0x2cd ./src/Servo_motor.o
 .debug_info    0x00009f1c     0x1dd0 ./src/main.o

.debug_abbrev   0x00000000     0x23b9
 *(.debug_abbrev)
 .debug_abbrev  0x00000000      0x1f3 ./system/src/newlib/_exit.o
 .debug_abbrev  0x000001f3      0x1fc ./system/src/newlib/_sbrk.o
 .debug_abbrev  0x000003ef      0x1cb ./system/src/newlib/_startup.o
 .debug_abbrev  0x000005ba      0x234 ./system/src/newlib/_syscalls.o
 .debug_abbrev  0x000007ee      0x276 ./system/src/diag/Trace.o
 .debug_abbrev  0x00000a64      0x2ef ./system/src/diag/trace_impl.o
 .debug_abbrev  0x00000d53      0x1de ./system/src/cortexm/_initialize_hardware.o
 .debug_abbrev  0x00000f31      0x32b ./system/src/cortexm/exception_handlers.o
 .debug_abbrev  0x0000125c      0x216 ./system/src/cmsis/system_stm32f4xx.o
 .debug_abbrev  0x00001472       0x9d ./system/src/cmsis/vectors_stm32f401xc.o
 .debug_abbrev  0x0000150f       0xca ./src/Keypad_prg.o
 .debug_abbrev  0x000015d9      0x170 ./src/LCD.o
 .debug_abbrev  0x00001749      0x130 ./src/MEXTI_prg.o
 .debug_abbrev  0x00001879       0xeb ./src/MGPIO_prg.o
 .debug_abbrev  0x00001964      0x146 ./src/MNVIC_prg.o
 .debug_abbrev  0x00001aaa       0xa8 ./src/MRCC_prg.o
 .debug_abbrev  0x00001b52      0x227 ./src/MUART_prg.o
 .debug_abbrev  0x00001d79      0x127 ./src/SPI_prg.o
 .debug_abbrev  0x00001ea0      0x12e ./src/STK_prg.o
 .debug_abbrev  0x00001fce       0xf3 ./src/SYS_INIT.o
 .debug_abbrev  0x000020c1       0x8d ./src/Servo_motor.o
 .debug_abbrev  0x0000214e      0x26b ./src/main.o

.debug_line     0x00000000     0x53e1
 *(.debug_line)
 .debug_line    0x00000000      0x363 ./system/src/newlib/_exit.o
 .debug_line    0x00000363      0x317 ./system/src/newlib/_sbrk.o
 .debug_line    0x0000067a      0x3df ./system/src/newlib/_startup.o
 .debug_line    0x00000a59      0x432 ./system/src/newlib/_syscalls.o
 .debug_line    0x00000e8b      0x3df ./system/src/diag/Trace.o
 .debug_line    0x0000126a      0xad3 ./system/src/diag/trace_impl.o
 .debug_line    0x00001d3d      0xa3c ./system/src/cortexm/_initialize_hardware.o
 .debug_line    0x00002779      0xb8a ./system/src/cortexm/exception_handlers.o
 .debug_line    0x00003303      0xa42 ./system/src/cmsis/system_stm32f4xx.o
 .debug_line    0x00003d45      0x107 ./system/src/cmsis/vectors_stm32f401xc.o
 .debug_line    0x00003e4c       0xc5 ./src/Keypad_prg.o
 .debug_line    0x00003f11      0x28f ./src/LCD.o
 .debug_line    0x000041a0      0x146 ./src/MEXTI_prg.o
 .debug_line    0x000042e6      0x1ab ./src/MGPIO_prg.o
 .debug_line    0x00004491      0x100 ./src/MNVIC_prg.o
 .debug_line    0x00004591       0xd8 ./src/MRCC_prg.o
 .debug_line    0x00004669      0x1fe ./src/MUART_prg.o
 .debug_line    0x00004867       0xf4 ./src/SPI_prg.o
 .debug_line    0x0000495b      0x147 ./src/STK_prg.o
 .debug_line    0x00004aa2      0x265 ./src/SYS_INIT.o
 .debug_line    0x00004d07       0xd6 ./src/Servo_motor.o
 .debug_line    0x00004ddd      0x604 ./src/main.o

.debug_frame    0x00000000      0xfb0
 *(.debug_frame)
 .debug_frame   0x00000000       0x38 ./system/src/newlib/_exit.o
 .debug_frame   0x00000038       0x28 ./system/src/newlib/_sbrk.o
 .debug_frame   0x00000060       0x7c ./system/src/newlib/_startup.o
 .debug_frame   0x000000dc       0x50 ./system/src/newlib/_syscalls.o
 .debug_frame   0x0000012c       0x94 ./system/src/diag/Trace.o
 .debug_frame   0x000001c0       0x64 ./system/src/diag/trace_impl.o
 .debug_frame   0x00000224       0x40 ./system/src/cortexm/_initialize_hardware.o
 .debug_frame   0x00000264      0x158 ./system/src/cortexm/exception_handlers.o
 .debug_frame   0x000003bc       0x30 ./system/src/cmsis/system_stm32f4xx.o
 .debug_frame   0x000003ec       0x20 ./system/src/cmsis/vectors_stm32f401xc.o
 .debug_frame   0x0000040c       0x48 ./src/Keypad_prg.o
 .debug_frame   0x00000454      0x194 ./src/LCD.o
 .debug_frame   0x000005e8       0xbc ./src/MEXTI_prg.o
 .debug_frame   0x000006a4       0xf0 ./src/MGPIO_prg.o
 .debug_frame   0x00000794       0x80 ./src/MNVIC_prg.o
 .debug_frame   0x00000814       0x40 ./src/MRCC_prg.o
 .debug_frame   0x00000854      0x150 ./src/MUART_prg.o
 .debug_frame   0x000009a4       0x60 ./src/SPI_prg.o
 .debug_frame   0x00000a04       0xcc ./src/STK_prg.o
 .debug_frame   0x00000ad0      0x118 ./src/SYS_INIT.o
 .debug_frame   0x00000be8       0x70 ./src/Servo_motor.o
 .debug_frame   0x00000c58       0x90 ./src/main.o
 .debug_frame   0x00000ce8       0x20 d:/01- imt sdk/imt_sdk_win_64/imt_sdk_win_64/winarm/armgcc/bin/../lib/gcc/arm-none-eabi/7.2.1/../../../../arm-none-eabi/lib/thumb/v7e-m\libg_nano.a(lib_a-errno.o)
 .debug_frame   0x00000d08       0x4c d:/01- imt sdk/imt_sdk_win_64/imt_sdk_win_64/winarm/armgcc/bin/../lib/gcc/arm-none-eabi/7.2.1/../../../../arm-none-eabi/lib/thumb/v7e-m\libg_nano.a(lib_a-vsnprintf.o)
 .debug_frame   0x00000d54       0x90 d:/01- imt sdk/imt_sdk_win_64/imt_sdk_win_64/winarm/armgcc/bin/../lib/gcc/arm-none-eabi/7.2.1/../../../../arm-none-eabi/lib/thumb/v7e-m\libg_nano.a(lib_a-nano-svfprintf.o)
 .debug_frame   0x00000de4       0x60 d:/01- imt sdk/imt_sdk_win_64/imt_sdk_win_64/winarm/armgcc/bin/../lib/gcc/arm-none-eabi/7.2.1/../../../../arm-none-eabi/lib/thumb/v7e-m\libg_nano.a(lib_a-nano-vfprintf_i.o)
 .debug_frame   0x00000e44       0x28 d:/01- imt sdk/imt_sdk_win_64/imt_sdk_win_64/winarm/armgcc/bin/../lib/gcc/arm-none-eabi/7.2.1/../../../../arm-none-eabi/lib/thumb/v7e-m\libg_nano.a(lib_a-memcpy-stub.o)
 .debug_frame   0x00000e6c       0x28 d:/01- imt sdk/imt_sdk_win_64/imt_sdk_win_64/winarm/armgcc/bin/../lib/gcc/arm-none-eabi/7.2.1/../../../../arm-none-eabi/lib/thumb/v7e-m\libg_nano.a(lib_a-memmove.o)
 .debug_frame   0x00000e94       0x38 d:/01- imt sdk/imt_sdk_win_64/imt_sdk_win_64/winarm/armgcc/bin/../lib/gcc/arm-none-eabi/7.2.1/../../../../arm-none-eabi/lib/thumb/v7e-m\libg_nano.a(lib_a-nano-freer.o)
 .debug_frame   0x00000ecc       0x2c d:/01- imt sdk/imt_sdk_win_64/imt_sdk_win_64/winarm/armgcc/bin/../lib/gcc/arm-none-eabi/7.2.1/../../../../arm-none-eabi/lib/thumb/v7e-m\libg_nano.a(lib_a-nano-mallocr.o)
 .debug_frame   0x00000ef8       0x3c d:/01- imt sdk/imt_sdk_win_64/imt_sdk_win_64/winarm/armgcc/bin/../lib/gcc/arm-none-eabi/7.2.1/../../../../arm-none-eabi/lib/thumb/v7e-m\libg_nano.a(lib_a-nano-reallocr.o)
 .debug_frame   0x00000f34       0x2c d:/01- imt sdk/imt_sdk_win_64/imt_sdk_win_64/winarm/armgcc/bin/../lib/gcc/arm-none-eabi/7.2.1/../../../../arm-none-eabi/lib/thumb/v7e-m\libg_nano.a(lib_a-sbrkr.o)
 .debug_frame   0x00000f60       0x30 d:/01- imt sdk/imt_sdk_win_64/imt_sdk_win_64/winarm/armgcc/bin/../lib/gcc/arm-none-eabi/7.2.1/../../../../arm-none-eabi/lib/thumb/v7e-m\libg_nano.a(lib_a-mlock.o)
 .debug_frame   0x00000f90       0x20 d:/01- imt sdk/imt_sdk_win_64/imt_sdk_win_64/winarm/armgcc/bin/../lib/gcc/arm-none-eabi/7.2.1/../../../../arm-none-eabi/lib/thumb/v7e-m\libg_nano.a(lib_a-nano-msizer.o)

.debug_str      0x00000000    0x74a31
 *(.debug_str)
 .debug_str     0x00000000     0x7d1f ./system/src/newlib/_exit.o
                               0x7ef2 (size before relaxing)
 .debug_str     0x00007d1f      0x4f5 ./system/src/newlib/_sbrk.o
                               0x72a4 (size before relaxing)
 .debug_str     0x00008214      0xc23 ./system/src/newlib/_startup.o
                               0x6a45 (size before relaxing)
 .debug_str     0x00008e37      0xe8b ./system/src/newlib/_syscalls.o
                               0x817f (size before relaxing)
 .debug_str     0x00009cc2      0x826 ./system/src/diag/Trace.o
                               0x866a (size before relaxing)
 .debug_str     0x0000a4e8    0x67a2e ./system/src/diag/trace_impl.o
                              0x70990 (size before relaxing)
 .debug_str     0x00071f16       0xc4 ./system/src/cortexm/_initialize_hardware.o
                              0x6f722 (size before relaxing)
 .debug_str     0x00071fda      0x1a6 ./system/src/cortexm/exception_handlers.o
                              0x70b1a (size before relaxing)
 .debug_str     0x00072180      0x164 ./system/src/cmsis/system_stm32f4xx.o
                              0x6f803 (size before relaxing)
 .debug_str     0x000722e4       0x59 ./system/src/cmsis/vectors_stm32f401xc.o
                               0x3882 (size before relaxing)
 .debug_str     0x0007233d      0x3fb ./src/Keypad_prg.o
                               0x31cc (size before relaxing)
 .debug_str     0x00072738      0x35f ./src/LCD.o
                               0x33fc (size before relaxing)
 .debug_str     0x00072a97      0x337 ./src/MEXTI_prg.o
                               0x3215 (size before relaxing)
 .debug_str     0x00072dce      0x13a ./src/MGPIO_prg.o
                               0x33cb (size before relaxing)
 .debug_str     0x00072f08      0x2fc ./src/MNVIC_prg.o
                               0x31c8 (size before relaxing)
 .debug_str     0x00073204      0x6d5 ./src/MRCC_prg.o
                               0x3660 (size before relaxing)
 .debug_str     0x000738d9      0x75b ./src/MUART_prg.o
                               0x3630 (size before relaxing)
 .debug_str     0x00074034      0x557 ./src/SPI_prg.o
                               0x3693 (size before relaxing)
 .debug_str     0x0007458b      0x204 ./src/STK_prg.o
                               0x311e (size before relaxing)
 .debug_str     0x0007478f      0x1ac ./src/SYS_INIT.o
                               0x3ac2 (size before relaxing)
 .debug_str     0x0007493b       0x76 ./src/Servo_motor.o
                               0x31a9 (size before relaxing)
 .debug_str     0x000749b1       0x80 ./src/main.o
                               0x9176 (size before relaxing)

.debug_loc      0x00000000     0x1dda
 *(.debug_loc)
 .debug_loc     0x00000000       0x85 ./system/src/newlib/_sbrk.o
 .debug_loc     0x00000085      0x2cb ./system/src/newlib/_startup.o
 .debug_loc     0x00000350       0x63 ./system/src/newlib/_syscalls.o
 .debug_loc     0x000003b3       0xf6 ./system/src/diag/Trace.o
 .debug_loc     0x000004a9      0x121 ./system/src/diag/trace_impl.o
 .debug_loc     0x000005ca      0x291 ./system/src/cortexm/exception_handlers.o
 .debug_loc     0x0000085b      0x13e ./system/src/cmsis/system_stm32f4xx.o
 .debug_loc     0x00000999       0x69 ./src/Keypad_prg.o
 .debug_loc     0x00000a02      0x38a ./src/LCD.o
 .debug_loc     0x00000d8c      0x150 ./src/MEXTI_prg.o
 .debug_loc     0x00000edc      0x81f ./src/MGPIO_prg.o
 .debug_loc     0x000016fb      0x2c8 ./src/MNVIC_prg.o
 .debug_loc     0x000019c3      0x1b0 ./src/MRCC_prg.o
 .debug_loc     0x00001b73      0x126 ./src/MUART_prg.o
 .debug_loc     0x00001c99       0x21 ./src/SPI_prg.o
 .debug_loc     0x00001cba       0x47 ./src/STK_prg.o
 .debug_loc     0x00001d01       0x65 ./src/SYS_INIT.o
 .debug_loc     0x00001d66       0x74 ./src/Servo_motor.o

.debug_macinfo
 *(.debug_macinfo)

.debug_weaknames
 *(.debug_weaknames)

.debug_funcnames
 *(.debug_funcnames)

.debug_typenames
 *(.debug_typenames)

.debug_varnames
 *(.debug_varnames)
OUTPUT(Car_Parking.elf elf32-littlearm)

.debug_ranges   0x00000000      0x570
 .debug_ranges  0x00000000       0x18 ./system/src/newlib/_exit.o
 .debug_ranges  0x00000018       0x10 ./system/src/newlib/_sbrk.o
 .debug_ranges  0x00000028       0x90 ./system/src/newlib/_startup.o
 .debug_ranges  0x000000b8       0x20 ./system/src/newlib/_syscalls.o
 .debug_ranges  0x000000d8       0x28 ./system/src/diag/Trace.o
 .debug_ranges  0x00000100       0x50 ./system/src/diag/trace_impl.o
 .debug_ranges  0x00000150       0x18 ./system/src/cortexm/_initialize_hardware.o
 .debug_ranges  0x00000168       0x80 ./system/src/cortexm/exception_handlers.o
 .debug_ranges  0x000001e8       0x18 ./system/src/cmsis/system_stm32f4xx.o
 .debug_ranges  0x00000200       0x10 ./system/src/cmsis/vectors_stm32f401xc.o
 .debug_ranges  0x00000210       0x18 ./src/Keypad_prg.o
 .debug_ranges  0x00000228       0x80 ./src/LCD.o
 .debug_ranges  0x000002a8       0x50 ./src/MEXTI_prg.o
 .debug_ranges  0x000002f8       0x58 ./src/MGPIO_prg.o
 .debug_ranges  0x00000350       0x40 ./src/MNVIC_prg.o
 .debug_ranges  0x00000390       0x20 ./src/MRCC_prg.o
 .debug_ranges  0x000003b0       0x88 ./src/MUART_prg.o
 .debug_ranges  0x00000438       0x28 ./src/SPI_prg.o
 .debug_ranges  0x00000460       0x58 ./src/STK_prg.o
 .debug_ranges  0x000004b8       0x60 ./src/SYS_INIT.o
 .debug_ranges  0x00000518       0x28 ./src/Servo_motor.o
 .debug_ranges  0x00000540       0x30 ./src/main.o

.debug_macro    0x00000000     0x425b
 .debug_macro   0x00000000      0x1b4 ./system/src/newlib/_exit.o
 .debug_macro   0x000001b4      0x10e ./system/src/newlib/_exit.o
 .debug_macro   0x000002c2       0x8d ./system/src/newlib/_exit.o
 .debug_macro   0x0000034f       0x35 ./system/src/newlib/_exit.o
 .debug_macro   0x00000384      0x169 ./system/src/newlib/_sbrk.o
 .debug_macro   0x000004ed      0x174 ./system/src/newlib/_sbrk.o
 .debug_macro   0x00000661       0x10 ./system/src/newlib/_sbrk.o
 .debug_macro   0x00000671      0x23b ./system/src/newlib/_sbrk.o
 .debug_macro   0x000008ac      0x173 ./system/src/newlib/_startup.o
 .debug_macro   0x00000a1f      0xa72 ./system/src/newlib/_startup.o
 .debug_macro   0x00001491      0x217 ./system/src/newlib/_syscalls.o
 .debug_macro   0x000016a8       0x1c ./system/src/newlib/_syscalls.o
 .debug_macro   0x000016c4       0x10 ./system/src/newlib/_syscalls.o
 .debug_macro   0x000016d4       0x10 ./system/src/newlib/_syscalls.o
 .debug_macro   0x000016e4       0x10 ./system/src/newlib/_syscalls.o
 .debug_macro   0x000016f4       0x35 ./system/src/newlib/_syscalls.o
 .debug_macro   0x00001729      0x122 ./system/src/newlib/_syscalls.o
 .debug_macro   0x0000184b       0x88 ./system/src/newlib/_syscalls.o
 .debug_macro   0x000018d3       0x2b ./system/src/newlib/_syscalls.o
 .debug_macro   0x000018fe      0x118 ./system/src/newlib/_syscalls.o
 .debug_macro   0x00001a16      0x189 ./system/src/newlib/_syscalls.o
 .debug_macro   0x00001b9f       0x16 ./system/src/newlib/_syscalls.o
 .debug_macro   0x00001bb5      0x1fb ./system/src/diag/Trace.o
 .debug_macro   0x00001db0       0x4c ./system/src/diag/Trace.o
 .debug_macro   0x00001dfc       0x16 ./system/src/diag/Trace.o
 .debug_macro   0x00001e12      0x52a ./system/src/diag/trace_impl.o
 .debug_macro   0x0000233c       0x22 ./system/src/diag/trace_impl.o
 .debug_macro   0x0000235e      0x4ee ./system/src/cortexm/_initialize_hardware.o
 .debug_macro   0x0000284c      0x557 ./system/src/cortexm/exception_handlers.o
 .debug_macro   0x00002da3       0x3b ./system/src/cortexm/exception_handlers.o
 .debug_macro   0x00002dde      0x4ea ./system/src/cmsis/system_stm32f4xx.o
 .debug_macro   0x000032c8       0x34 ./system/src/cmsis/vectors_stm32f401xc.o
 .debug_macro   0x000032fc       0x36 ./src/Keypad_prg.o
 .debug_macro   0x00003332       0x28 ./src/Keypad_prg.o
 .debug_macro   0x0000335a      0x136 ./src/Keypad_prg.o
 .debug_macro   0x00003490       0x5e ./src/Keypad_prg.o
 .debug_macro   0x000034ee       0x5f ./src/LCD.o
 .debug_macro   0x0000354d       0x22 ./src/LCD.o
 .debug_macro   0x0000356f       0x16 ./src/LCD.o
 .debug_macro   0x00003585       0x40 ./src/LCD.o
 .debug_macro   0x000035c5       0x22 ./src/LCD.o
 .debug_macro   0x000035e7       0x48 ./src/MEXTI_prg.o
 .debug_macro   0x0000362f       0x28 ./src/MEXTI_prg.o
 .debug_macro   0x00003657       0x3f ./src/MGPIO_prg.o
 .debug_macro   0x00003696       0x3c ./src/MNVIC_prg.o
 .debug_macro   0x000036d2       0x22 ./src/MNVIC_prg.o
 .debug_macro   0x000036f4       0x3e ./src/MRCC_prg.o
 .debug_macro   0x00003732      0x11e ./src/MRCC_prg.o
 .debug_macro   0x00003850      0x106 ./src/MRCC_prg.o
 .debug_macro   0x00003956       0x22 ./src/MRCC_prg.o
 .debug_macro   0x00003978       0x3f ./src/MUART_prg.o
 .debug_macro   0x000039b7      0x1d8 ./src/MUART_prg.o
 .debug_macro   0x00003b8f       0x46 ./src/MUART_prg.o
 .debug_macro   0x00003bd5       0x47 ./src/SPI_prg.o
 .debug_macro   0x00003c1c       0x5e ./src/SPI_prg.o
 .debug_macro   0x00003c7a      0x148 ./src/SPI_prg.o
 .debug_macro   0x00003dc2       0x22 ./src/SPI_prg.o
 .debug_macro   0x00003de4       0x3e ./src/STK_prg.o
 .debug_macro   0x00003e22       0x2e ./src/STK_prg.o
 .debug_macro   0x00003e50       0x16 ./src/STK_prg.o
 .debug_macro   0x00003e66       0xa9 ./src/SYS_INIT.o
 .debug_macro   0x00003f0f       0x64 ./src/SYS_INIT.o
 .debug_macro   0x00003f73       0x10 ./src/SYS_INIT.o
 .debug_macro   0x00003f83       0x4b ./src/Servo_motor.o
 .debug_macro   0x00003fce      0x28d ./src/main.o
