Archive member included to satisfy reference by file (symbol)

d:/01- imt sdk/imt_sdk_win_64/imt_sdk_win_64/winarm/armgcc/bin/../lib/gcc/arm-none-eabi/7.2.1/../../../../arm-none-eabi/lib/thumb/v7e-m\libg_nano.a(lib_a-errno.o)
                              ./system/src/newlib/_sbrk.o (__errno)
d:/01- imt sdk/imt_sdk_win_64/imt_sdk_win_64/winarm/armgcc/bin/../lib/gcc/arm-none-eabi/7.2.1/../../../../arm-none-eabi/lib/thumb/v7e-m\libg_nano.a(lib_a-impure.o)
                              d:/01- imt sdk/imt_sdk_win_64/imt_sdk_win_64/winarm/armgcc/bin/../lib/gcc/arm-none-eabi/7.2.1/../../../../arm-none-eabi/lib/thumb/v7e-m\libg_nano.a(lib_a-errno.o) (_impure_ptr)
d:/01- imt sdk/imt_sdk_win_64/imt_sdk_win_64/winarm/armgcc/bin/../lib/gcc/arm-none-eabi/7.2.1/../../../../arm-none-eabi/lib/thumb/v7e-m\libg_nano.a(lib_a-strlen.o)
                              ./system/src/diag/Trace.o (strlen)
d:/01- imt sdk/imt_sdk_win_64/imt_sdk_win_64/winarm/armgcc/bin/../lib/gcc/arm-none-eabi/7.2.1/../../../../arm-none-eabi/lib/thumb/v7e-m\libg_nano.a(lib_a-vsnprintf.o)
                              ./system/src/diag/Trace.o (vsnprintf)
d:/01- imt sdk/imt_sdk_win_64/imt_sdk_win_64/winarm/armgcc/bin/../lib/gcc/arm-none-eabi/7.2.1/../../../../arm-none-eabi/lib/thumb/v7e-m\libg_nano.a(lib_a-nano-svfprintf.o)
                              d:/01- imt sdk/imt_sdk_win_64/imt_sdk_win_64/winarm/armgcc/bin/../lib/gcc/arm-none-eabi/7.2.1/../../../../arm-none-eabi/lib/thumb/v7e-m\libg_nano.a(lib_a-vsnprintf.o) (_svfprintf_r)
d:/01- imt sdk/imt_sdk_win_64/imt_sdk_win_64/winarm/armgcc/bin/../lib/gcc/arm-none-eabi/7.2.1/../../../../arm-none-eabi/lib/thumb/v7e-m\libg_nano.a(lib_a-nano-vfprintf_i.o)
                              d:/01- imt sdk/imt_sdk_win_64/imt_sdk_win_64/winarm/armgcc/bin/../lib/gcc/arm-none-eabi/7.2.1/../../../../arm-none-eabi/lib/thumb/v7e-m\libg_nano.a(lib_a-nano-svfprintf.o) (_printf_i)
d:/01- imt sdk/imt_sdk_win_64/imt_sdk_win_64/winarm/armgcc/bin/../lib/gcc/arm-none-eabi/7.2.1/../../../../arm-none-eabi/lib/thumb/v7e-m\libg_nano.a(lib_a-memchr.o)
                              d:/01- imt sdk/imt_sdk_win_64/imt_sdk_win_64/winarm/armgcc/bin/../lib/gcc/arm-none-eabi/7.2.1/../../../../arm-none-eabi/lib/thumb/v7e-m\libg_nano.a(lib_a-nano-svfprintf.o) (memchr)
d:/01- imt sdk/imt_sdk_win_64/imt_sdk_win_64/winarm/armgcc/bin/../lib/gcc/arm-none-eabi/7.2.1/../../../../arm-none-eabi/lib/thumb/v7e-m\libg_nano.a(lib_a-memcpy-stub.o)
                              d:/01- imt sdk/imt_sdk_win_64/imt_sdk_win_64/winarm/armgcc/bin/../lib/gcc/arm-none-eabi/7.2.1/../../../../arm-none-eabi/lib/thumb/v7e-m\libg_nano.a(lib_a-nano-svfprintf.o) (memcpy)
d:/01- imt sdk/imt_sdk_win_64/imt_sdk_win_64/winarm/armgcc/bin/../lib/gcc/arm-none-eabi/7.2.1/../../../../arm-none-eabi/lib/thumb/v7e-m\libg_nano.a(lib_a-memmove.o)
                              d:/01- imt sdk/imt_sdk_win_64/imt_sdk_win_64/winarm/armgcc/bin/../lib/gcc/arm-none-eabi/7.2.1/../../../../arm-none-eabi/lib/thumb/v7e-m\libg_nano.a(lib_a-nano-svfprintf.o) (memmove)
d:/01- imt sdk/imt_sdk_win_64/imt_sdk_win_64/winarm/armgcc/bin/../lib/gcc/arm-none-eabi/7.2.1/../../../../arm-none-eabi/lib/thumb/v7e-m\libg_nano.a(lib_a-nano-freer.o)
                              d:/01- imt sdk/imt_sdk_win_64/imt_sdk_win_64/winarm/armgcc/bin/../lib/gcc/arm-none-eabi/7.2.1/../../../../arm-none-eabi/lib/thumb/v7e-m\libg_nano.a(lib_a-nano-svfprintf.o) (_free_r)
d:/01- imt sdk/imt_sdk_win_64/imt_sdk_win_64/winarm/armgcc/bin/../lib/gcc/arm-none-eabi/7.2.1/../../../../arm-none-eabi/lib/thumb/v7e-m\libg_nano.a(lib_a-nano-mallocr.o)
                              d:/01- imt sdk/imt_sdk_win_64/imt_sdk_win_64/winarm/armgcc/bin/../lib/gcc/arm-none-eabi/7.2.1/../../../../arm-none-eabi/lib/thumb/v7e-m\libg_nano.a(lib_a-nano-svfprintf.o) (_malloc_r)
d:/01- imt sdk/imt_sdk_win_64/imt_sdk_win_64/winarm/armgcc/bin/../lib/gcc/arm-none-eabi/7.2.1/../../../../arm-none-eabi/lib/thumb/v7e-m\libg_nano.a(lib_a-nano-reallocr.o)
                              d:/01- imt sdk/imt_sdk_win_64/imt_sdk_win_64/winarm/armgcc/bin/../lib/gcc/arm-none-eabi/7.2.1/../../../../arm-none-eabi/lib/thumb/v7e-m\libg_nano.a(lib_a-nano-svfprintf.o) (_realloc_r)
d:/01- imt sdk/imt_sdk_win_64/imt_sdk_win_64/winarm/armgcc/bin/../lib/gcc/arm-none-eabi/7.2.1/../../../../arm-none-eabi/lib/thumb/v7e-m\libg_nano.a(lib_a-sbrkr.o)
                              d:/01- imt sdk/imt_sdk_win_64/imt_sdk_win_64/winarm/armgcc/bin/../lib/gcc/arm-none-eabi/7.2.1/../../../../arm-none-eabi/lib/thumb/v7e-m\libg_nano.a(lib_a-nano-mallocr.o) (_sbrk_r)
d:/01- imt sdk/imt_sdk_win_64/imt_sdk_win_64/winarm/armgcc/bin/../lib/gcc/arm-none-eabi/7.2.1/../../../../arm-none-eabi/lib/thumb/v7e-m\libg_nano.a(lib_a-mlock.o)
                              d:/01- imt sdk/imt_sdk_win_64/imt_sdk_win_64/winarm/armgcc/bin/../lib/gcc/arm-none-eabi/7.2.1/../../../../arm-none-eabi/lib/thumb/v7e-m\libg_nano.a(lib_a-nano-freer.o) (__malloc_lock)
[...]
Memory Configuration

Name             Origin             Length             Attributes
RAM              0x20000000         0x00010000         xrw
CCMRAM           0x10000000         0x00000000         xrw
FLASH            0x08000000         0x00040000         xr
FLASHB1          0x00000000         0x00000000         xr
EXTMEMB0         0x00000000         0x00000000         xr
EXTMEMB1         0x00000000         0x00000000         xr
EXTMEMB2         0x00000000         0x00000000         xr
EXTMEMB3         0x00000000         0x00000000         xr
*default*        0x00000000         0xffffffff

Linker script and memory map

LOAD ./system/src/stm32f4-hal/stm32f4xx_hal.o
LOAD ./system/src/stm32f4-hal/stm32f4xx_hal_cortex.o
LOAD ./system/src/stm32f4-hal/stm32f4xx_hal_dfsdm.o
LOAD ./system/src/stm32f4-hal/stm32f4xx_hal_flash.o
LOAD ./system/src/stm32f4-hal/stm32f4xx_hal_gpio.o
LOAD ./system/src/stm32f4-hal/stm32f4xx_hal_iwdg.o
LOAD ./system/src/stm32f4-hal/stm32f4xx_hal_pwr.o
LOAD ./system/src/stm32f4-hal/stm32f4xx_hal_rcc.o
LOAD ./system/src/newlib/_cxx.o
LOAD ./system/src/newlib/_exit.o
LOAD ./system/src/newlib/_sbrk.o
LOAD ./system/src/newlib/_startup.o
LOAD ./system/src/newlib/_syscalls.o
LOAD ./system/src/newlib/assert.o
LOAD ./system/src/diag/Trace.o
LOAD ./system/src/diag/trace_impl.o
LOAD ./system/src/cortexm/_initialize_hardware.o
LOAD ./system/src/cortexm/_reset_hardware.o
LOAD ./system/src/cortexm/exception_handlers.o
LOAD ./system/src/cmsis/system_stm32f4xx.o
LOAD ./system/src/cmsis/vectors_stm32f401xc.o
LOAD ./src/Keypad_prg.o
LOAD ./src/LCD.o
LOAD ./src/LEDMATRIX_prg.o
LOAD ./src/MEXTI_prg.o
LOAD ./src/MGPIO_prg.o
LOAD ./src/MNVIC_prg.o
LOAD ./src/MRCC_prg.o
LOAD ./src/MUART_prg.o
LOAD ./src/SPI_prg.o
LOAD ./src/STK_prg.o
LOAD ./src/SYS_INIT.o
LOAD ./src/Servo_motor.o
LOAD ./src/TFT_prg.o
LOAD ./src/_initialize_hardware.o
LOAD ./src/_write.o
LOAD ./src/main.o
LOAD ./src/stm32f4xx_hal_msp.o
LOAD d:/01- imt sdk/imt_sdk_win_64/imt_sdk_win_64/winarm/armgcc/bin/../lib/gcc/arm-none-eabi/7.2.1/../../../../arm-none-eabi/lib/thumb/v7e-m\libstdc++_nano.a
LOAD d:/01- imt sdk/imt_sdk_win_64/imt_sdk_win_64/winarm/armgcc/bin/../lib/gcc/arm-none-eabi/7.2.1/../../../../arm-none-eabi/lib/thumb/v7e-m\libm.a
START GROUP
LOAD d:/01- imt sdk/imt_sdk_win_64/imt_sdk_win_64/winarm/armgcc/bin/../lib/gcc/arm-none-eabi/7.2.1/thumb/v7e-m\libgcc.a
LOAD d:/01- imt sdk/imt_sdk_win_64/imt_sdk_win_64/winarm/armgcc/bin/../lib/gcc/arm-none-eabi/7.2.1/../../../../arm-none-eabi/lib/thumb/v7e-m\libg_nano.a
LOAD d:/01- imt sdk/imt_sdk_win_64/imt_sdk_win_64/winarm/armgcc/bin/../lib/gcc/arm-none-eabi/7.2.1/../../../../arm-none-eabi/lib/thumb/v7e-m\libc_nano.a
END GROUP
START GROUP
LOAD d:/01- imt sdk/imt_sdk_win_64/imt_sdk_win_64/winarm/armgcc/bin/../lib/gcc/arm-none-eabi/7.2.1/thumb/v7e-m\libgcc.a
LOAD d:/01- imt sdk/imt_sdk_win_64/imt_sdk_win_64/winarm/armgcc/bin/../lib/gcc/arm-none-eabi/7.2.1/../../../../arm-none-eabi/lib/thumb/v7e-m\libc_nano.a
END GROUP
                0x20010000                __stack = (ORIGIN (RAM) + LENGTH (RAM))
                0x20010000                _estack = __stack
                0x00000400                __Main_Stack_Size = 0x400
                [!provide]                PROVIDE (_Main_Stack_Size, __Main_Stack_Size)
                0x2000fc00                __Main_Stack_Limit = (__stack - __Main_Stack_Size)
                [!provide]                PROVIDE (_Main_Stack_Limit, __Main_Stack_Limit)
                0x00000100                _Minimum_Stack_Size = 0x100
                0x2000014c                PROVIDE (_Heap_Begin, _end_noinit)
                0x2000fc00                PROVIDE (_Heap_Limit, (__stack - __Main_Stack_Size))

.isr_vector     0x08000000      0x3f4
 FILL mask 0xff
                0x08000000                __vectors_start = ABSOLUTE (.)
                0x08000000                __vectors_start__ = ABSOLUTE (.)
 *(.isr_vector)
 .isr_vector    0x08000000      0x194 ./system/src/cmsis/vectors_stm32f401xc.o
                0x08000000                __isr_vectors
 *(.cfmconfig)
 *(.after_vectors .after_vectors.*)
 .after_vectors
                0x08000194      0x130 ./system/src/newlib/_startup.o
                0x08000194                _start
 .after_vectors
                0x080002c4      0x12c ./system/src/cortexm/exception_handlers.o
                0x080002c4                Reset_Handler
                0x080002ca                NMI_Handler
                0x080002ce                HardFault_Handler
                0x080002e2                HardFault_Handler_C
                0x08000340                MemManage_Handler
                0x08000344                BusFault_Handler
                0x08000358                BusFault_Handler_C
                0x0800038c                UsageFault_Handler
                0x080003a0                UsageFault_Handler_C
                0x080003d4                SVC_Handler
                0x080003d8                DebugMon_Handler
                0x080003dc                PendSV_Handler
                0x080003e0                SysTick_Handler
 .after_vectors
                0x080003f0        0x4 ./system/src/cmsis/vectors_stm32f401xc.o
                0x080003f0                RTC_Alarm_IRQHandler
                0x080003f0                EXTI2_IRQHandler
                0x080003f0                SPI4_IRQHandler
                0x080003f0                TIM1_CC_IRQHandler
                0x080003f0                DMA2_Stream5_IRQHandler
                0x080003f0                DMA1_Stream5_IRQHandler
                0x080003f0                PVD_IRQHandler
                0x080003f0                SDIO_IRQHandler
                0x080003f0                TAMP_STAMP_IRQHandler
                0x080003f0                EXTI3_IRQHandler
                0x080003f0                TIM1_UP_TIM10_IRQHandler
                0x080003f0                I2C3_ER_IRQHandler
                0x080003f0                I2C2_EV_IRQHandler
                0x080003f0                DMA1_Stream2_IRQHandler
                0x080003f0                FPU_IRQHandler
                0x080003f0                DMA2_Stream2_IRQHandler
                0x080003f0                TIM1_BRK_TIM9_IRQHandler
                0x080003f0                DMA2_Stream3_IRQHandler
                0x080003f0                USART6_IRQHandler
                0x080003f0                DMA2_Stream0_IRQHandler
                0x080003f0                TIM4_IRQHandler
                0x080003f0                I2C1_EV_IRQHandler
                0x080003f0                DMA1_Stream6_IRQHandler
                0x080003f0                DMA1_Stream1_IRQHandler
                0x080003f0                TIM3_IRQHandler
                0x080003f0                RCC_IRQHandler
                0x080003f0                Default_Handler
                0x080003f0                EXTI15_10_IRQHandler
                0x080003f0                ADC_IRQHandler
                0x080003f0                DMA1_Stream7_IRQHandler
                0x080003f0                TIM5_IRQHandler
                0x080003f0                DMA2_Stream7_IRQHandler
                0x080003f0                I2C3_EV_IRQHandler
                0x080003f0                EXTI9_5_IRQHandler
                0x080003f0                RTC_WKUP_IRQHandler
                0x080003f0                SPI2_IRQHandler
                0x080003f0                DMA1_Stream0_IRQHandler
                0x080003f0                EXTI4_IRQHandler
                0x080003f0                WWDG_IRQHandler
                0x080003f0                TIM2_IRQHandler
                0x080003f0                OTG_FS_WKUP_IRQHandler
                0x080003f0                TIM1_TRG_COM_TIM11_IRQHandler
                0x080003f0                I2C2_ER_IRQHandler
                0x080003f0                DMA2_Stream1_IRQHandler
                0x080003f0                FLASH_IRQHandler
                0x080003f0                DMA2_Stream4_IRQHandler
                0x080003f0                OTG_FS_IRQHandler
                0x080003f0                SPI3_IRQHandler
                0x080003f0                DMA1_Stream4_IRQHandler
                0x080003f0                I2C1_ER_IRQHandler
                0x080003f0                DMA2_Stream6_IRQHandler
                0x080003f0                DMA1_Stream3_IRQHandler

.inits          0x080003f4       0x28
                0x080003f4                __data_regions_array_start = .
                0x080003f4        0x4 LONG 0x8002728 LOADADDR (.data)
                0x080003f8        0x4 LONG 0x20000000 ADDR (.data)
                0x080003fc        0x4 LONG 0x20000088 (ADDR (.data) + SIZEOF (.data))
                0x08000400        0x4 LONG 0x8002728 LOADADDR (.data_CCMRAM)
                0x08000404        0x4 LONG 0x10000000 ADDR (.data_CCMRAM)
                0x08000408        0x4 LONG 0x10000000 (ADDR (.data_CCMRAM) + SIZEOF (.data_CCMRAM))
                0x0800040c                __data_regions_array_end = .
                0x0800040c                __bss_regions_array_start = .
                0x0800040c        0x4 LONG 0x20000088 ADDR (.bss)
                0x08000410        0x4 LONG 0x2000014c (ADDR (.bss) + SIZEOF (.bss))
                0x08000414        0x4 LONG 0x10000000 ADDR (.bss_CCMRAM)
                0x08000418        0x4 LONG 0x10000000 (ADDR (.bss_CCMRAM) + SIZEOF (.bss_CCMRAM))
                0x0800041c                __bss_regions_array_end = .
 *(.init)
 *(.fini)
                0x0800041c                . = ALIGN (0x4)
                0x0800041c                PROVIDE (__preinit_array_start, .)
 *(.preinit_array_sysinit .preinit_array_sysinit.*)
 *(.preinit_array_platform .preinit_array_platform.*)
 *(.preinit_array .preinit_array.*)
                0x0800041c                PROVIDE (__preinit_array_end, .)
                0x0800041c                . = ALIGN (0x4)
                0x0800041c                PROVIDE (__init_array_start, .)
 *(SORT_BY_NAME(.init_array.*))
 *(.init_array)
                0x0800041c                PROVIDE (__init_array_end, .)
                0x0800041c                . = ALIGN (0x4)
                0x0800041c                PROVIDE (__fini_array_start, .)
 *(SORT_BY_NAME(.fini_array.*))
 *(.fini_array)
                0x0800041c                PROVIDE (__fini_array_end, .)

.flashtext
 *(.flashtext .flashtext.*)

.text           0x08000420     0x2307
 *(.text .text.*)
 .text.HAL_InitTick
                0x08000420       0x2c ./system/src/stm32f4-hal/stm32f4xx_hal.o
                0x08000420                HAL_InitTick
 .text.HAL_Init
                0x0800044c       0x34 ./system/src/stm32f4-hal/stm32f4xx_hal.o
                0x0800044c                HAL_Init
 .text.HAL_GetTick
                0x08000480        0xc ./system/src/stm32f4-hal/stm32f4xx_hal.o
                0x08000480                HAL_GetTick
 .text.HAL_NVIC_SetPriorityGrouping
                0x0800048c       0x3c ./system/src/stm32f4-hal/stm32f4xx_hal_cortex.o
                0x0800048c                HAL_NVIC_SetPriorityGrouping
 .text.HAL_NVIC_SetPriority
                0x080004c8       0x8c ./system/src/stm32f4-hal/stm32f4xx_hal_cortex.o
                0x080004c8                HAL_NVIC_SetPriority
 .text.HAL_SYSTICK_Config
                0x08000554       0x2c ./system/src/stm32f4-hal/stm32f4xx_hal_cortex.o
                0x08000554                HAL_SYSTICK_Config
 .text.HAL_SYSTICK_CLKSourceConfig
                0x08000580       0x3c ./system/src/stm32f4-hal/stm32f4xx_hal_cortex.o
                0x08000580                HAL_SYSTICK_CLKSourceConfig
 .text.HAL_RCC_OscConfig
                0x080005bc      0x43c ./system/src/stm32f4-hal/stm32f4xx_hal_rcc.o
                0x080005bc                HAL_RCC_OscConfig
 .text.HAL_RCC_GetSysClockFreq
                0x080009f8       0x94 ./system/src/stm32f4-hal/stm32f4xx_hal_rcc.o
                0x080009f8                HAL_RCC_GetSysClockFreq
 .text.HAL_RCC_ClockConfig
                0x08000a8c      0x258 ./system/src/stm32f4-hal/stm32f4xx_hal_rcc.o
                0x08000a8c                HAL_RCC_ClockConfig
 .text.HAL_RCC_GetHCLKFreq
                0x08000ce4        0xc ./system/src/stm32f4-hal/stm32f4xx_hal_rcc.o
                0x08000ce4                HAL_RCC_GetHCLKFreq
 .text._exit    0x08000cf0        0x2 ./system/src/newlib/_exit.o
                0x08000cf0                _exit
 *fill*         0x08000cf2        0x2 
 .text.abort    0x08000cf4       0x14 ./system/src/newlib/_exit.o
                0x08000cf4                abort
 .text._sbrk    0x08000d08       0x44 ./system/src/newlib/_sbrk.o
                0x08000d08                _sbrk
 .text.__initialize_args
                0x08000d4c       0x10 ./system/src/newlib/_syscalls.o
                0x08000d4c                __initialize_args
 .text.assert_failed
                0x08000d5c       0x14 ./system/src/newlib/assert.o
                0x08000d5c                assert_failed
 .text.trace_printf
                0x08000d70       0x30 ./system/src/diag/Trace.o
                0x08000d70                trace_printf
 .text.trace_puts
                0x08000da0       0x20 ./system/src/diag/Trace.o
                0x08000da0                trace_puts
 .text._trace_write_semihosting_debug
                0x08000dc0       0x60 ./system/src/diag/trace_impl.o
 .text.trace_write
                0x08000e20        0x8 ./system/src/diag/trace_impl.o
                0x08000e20                trace_write
 .text.__initialize_hardware_early
                0x08000e28       0x18 ./system/src/cortexm/_initialize_hardware.o
                0x08000e28                __initialize_hardware_early
 .text.dumpExceptionStack
                0x08000e40       0xf4 ./system/src/cortexm/exception_handlers.o
                0x08000e40                dumpExceptionStack
 .text.isSemihosting
                0x08000f34       0x20 ./system/src/cortexm/exception_handlers.o
                0x08000f34                isSemihosting
 .text.SystemInit
                0x08000f54       0x40 ./system/src/cmsis/system_stm32f4xx.o
                0x08000f54                SystemInit
 .text.SystemCoreClockUpdate
                0x08000f94       0xa0 ./system/src/cmsis/system_stm32f4xx.o
                0x08000f94                SystemCoreClockUpdate
 .text.LEDMTX_vidInit
                0x08001034      0x164 ./src/LEDMATRIX_prg.o
                0x08001034                LEDMTX_vidInit
 .text.LEDMTX_vidDisableCols
                0x08001198       0x54 ./src/LEDMATRIX_prg.o
                0x08001198                LEDMTX_vidDisableCols
 .text.LEDMTX_vidSetRowValues
                0x080011ec       0x92 ./src/LEDMATRIX_prg.o
                0x080011ec                LEDMTX_vidSetRowValues
 .text.LEDMTX_vidDisplay
                0x0800127e       0xd6 ./src/LEDMATRIX_prg.o
                0x0800127e                LEDMTX_vidDisplay
 .text.EXTI0_IRQHandler
                0x08001354       0x1c ./src/MEXTI_prg.o
                0x08001354                EXTI0_IRQHandler
 .text.EXTI1_IRQHandler
                0x08001370       0x1c ./src/MEXTI_prg.o
                0x08001370                EXTI1_IRQHandler
 .text.MGPIO_SetPinMode
                0x0800138c       0x70 ./src/MGPIO_prg.o
                0x0800138c                MGPIO_SetPinMode
 .text.MGPIO_SetPinAlterFunc
                0x080013fc       0x98 ./src/MGPIO_prg.o
                0x080013fc                MGPIO_SetPinAlterFunc
 .text.MGPIO_SetOutputPinMode
                0x08001494       0xac ./src/MGPIO_prg.o
                0x08001494                MGPIO_SetOutputPinMode
 .text.MGPIO_SetPinValue
                0x08001540       0x64 ./src/MGPIO_prg.o
                0x08001540                MGPIO_SetPinValue
 .text.MNVIC_EnableInterrupt
                0x080015a4       0x18 ./src/MNVIC_prg.o
                0x080015a4                MNVIC_EnableInterrupt
 .text.MNVIC_SetIntterruptPriority
                0x080015bc       0x80 ./src/MNVIC_prg.o
                0x080015bc                MNVIC_SetIntterruptPriority
 .text.MNVIC_SetIntterruptGroupMode
                0x0800163c       0x24 ./src/MNVIC_prg.o
                0x0800163c                MNVIC_SetIntterruptGroupMode
 .text.MRCC_InitSysClk
                0x08001660       0x4c ./src/MRCC_prg.o
                0x08001660                MRCC_InitSysClk
 .text.MRCC_vidEnable_Peripheral
                0x080016ac       0x50 ./src/MRCC_prg.o
                0x080016ac                MRCC_vidEnable_Peripheral
 .text.MUSART_voidInit1
                0x080016fc       0x54 ./src/MUART_prg.o
                0x080016fc                MUSART_voidInit1
 .text.MUART_voidEnable
                0x08001750       0x1c ./src/MUART_prg.o
                0x08001750                MUART_voidEnable
 .text.MUART_voidCallBack
                0x0800176c        0xc ./src/MUART_prg.o
                0x0800176c                MUART_voidCallBack
 .text.USART1_IRQHandler
                0x08001778       0x10 ./src/MUART_prg.o
                0x08001778                USART1_IRQHandler
 .text.UART_READ_DATA
                0x08001788       0x18 ./src/MUART_prg.o
                0x08001788                UART_READ_DATA
 .text.MUSART_voidInit2
                0x080017a0       0x5c ./src/MUART_prg.o
                0x080017a0                MUSART_voidInit2
 .text.USART2_IRQHandler
                0x080017fc       0x10 ./src/MUART_prg.o
                0x080017fc                USART2_IRQHandler
 .text.MSPI_voidInit
                0x0800180c       0xa0 ./src/SPI_prg.o
                0x0800180c                MSPI_voidInit
 .text.MSPI_u16Transceive
                0x080018ac       0x1c ./src/SPI_prg.o
                0x080018ac                MSPI_u16Transceive
 .text.SPI1_IRQHandler
                0x080018c8       0x10 ./src/SPI_prg.o
                0x080018c8                SPI1_IRQHandler
 .text.MSTK_voidInit
                0x080018d8       0x10 ./src/STK_prg.o
                0x080018d8                MSTK_voidInit
 .text.MSTK_voidIntState
                0x080018e8       0x24 ./src/STK_prg.o
                0x080018e8                MSTK_voidIntState
 .text.MSTK_voidStart
                0x0800190c       0x18 ./src/STK_prg.o
                0x0800190c                MSTK_voidStart
 .text.MSTK_u8ReadFlag
                0x08001924       0x10 ./src/STK_prg.o
                0x08001924                MSTK_u8ReadFlag
 .text.MSTK_voidDelayUsec
                0x08001934       0x20 ./src/STK_prg.o
                0x08001934                MSTK_voidDelayUsec
 .text.MSTK_voidDelayMsec
                0x08001954       0x20 ./src/STK_prg.o
                0x08001954                MSTK_voidDelayMsec
 .text.MUART_RUNNABLE
                0x08001974       0x38 ./src/SYS_INIT.o
                0x08001974                MUART_RUNNABLE
 .text.EXTI_INIT
                0x080019ac       0x24 ./src/SYS_INIT.o
                0x080019ac                EXTI_INIT
 .text.SYS_INIT
                0x080019d0       0x7c ./src/SYS_INIT.o
                0x080019d0                SYS_INIT
 .text.HTFT_voidReset
                0x08001a4c       0x54 ./src/TFT_prg.o
                0x08001a4c                HTFT_voidReset
 .text.HTFT_voidWriteCommand
                0x08001aa0       0x16 ./src/TFT_prg.o
                0x08001aa0                HTFT_voidWriteCommand
 .text.HTFT_voidWriteData
                0x08001ab6       0x16 ./src/TFT_prg.o
                0x08001ab6                HTFT_voidWriteData
 .text.HTFT_voidInit
                0x08001acc       0x26 ./src/TFT_prg.o
                0x08001acc                HTFT_voidInit
 *fill*         0x08001af2        0x2 
 .text.SystemClock_Config
                0x08001af4       0x98 ./src/_initialize_hardware.o
                0x08001af4                SystemClock_Config
 .text.__initialize_hardware
                0x08001b8c       0x10 ./src/_initialize_hardware.o
                0x08001b8c                __initialize_hardware
 .text.main     0x08001b9c       0x14 ./src/main.o
                0x08001b9c                main
 .text.func1    0x08001bb0       0x30 ./src/main.o
                0x08001bb0                func1
 .text.HAL_MspInit
                0x08001be0        0x2 ./src/stm32f4xx_hal_msp.o
                0x08001be0                HAL_MspInit
 *fill*         0x08001be2        0x2 
 .text.__errno  0x08001be4        0xc d:/01- imt sdk/imt_sdk_win_64/imt_sdk_win_64/winarm/armgcc/bin/../lib/gcc/arm-none-eabi/7.2.1/../../../../arm-none-eabi/lib/thumb/v7e-m\libg_nano.a(lib_a-errno.o)
                0x08001be4                __errno
 .text          0x08001bf0       0x10 d:/01- imt sdk/imt_sdk_win_64/imt_sdk_win_64/winarm/armgcc/bin/../lib/gcc/arm-none-eabi/7.2.1/../../../../arm-none-eabi/lib/thumb/v7e-m\libg_nano.a(lib_a-strlen.o)
                0x08001bf0                strlen
 .text._vsnprintf_r
                0x08001c00       0x58 d:/01- imt sdk/imt_sdk_win_64/imt_sdk_win_64/winarm/armgcc/bin/../lib/gcc/arm-none-eabi/7.2.1/../../../../arm-none-eabi/lib/thumb/v7e-m\libg_nano.a(lib_a-vsnprintf.o)
                0x08001c00                _vsniprintf_r
                0x08001c00                _vsnprintf_r
 .text.vsnprintf
                0x08001c58       0x1c d:/01- imt sdk/imt_sdk_win_64/imt_sdk_win_64/winarm/armgcc/bin/../lib/gcc/arm-none-eabi/7.2.1/../../../../arm-none-eabi/lib/thumb/v7e-m\libg_nano.a(lib_a-vsnprintf.o)
                0x08001c58                vsniprintf
                0x08001c58                vsnprintf
 .text.__ssputs_r
                0x08001c74       0xb4 d:/01- imt sdk/imt_sdk_win_64/imt_sdk_win_64/winarm/armgcc/bin/../lib/gcc/arm-none-eabi/7.2.1/../../../../arm-none-eabi/lib/thumb/v7e-m\libg_nano.a(lib_a-nano-svfprintf.o)
                0x08001c74                __ssputs_r
 .text._svfprintf_r
                0x08001d28      0x1ec d:/01- imt sdk/imt_sdk_win_64/imt_sdk_win_64/winarm/armgcc/bin/../lib/gcc/arm-none-eabi/7.2.1/../../../../arm-none-eabi/lib/thumb/v7e-m\libg_nano.a(lib_a-nano-svfprintf.o)
                0x08001d28                _svfiprintf_r
                0x08001d28                _svfprintf_r
 .text._printf_common
                0x08001f14       0xea d:/01- imt sdk/imt_sdk_win_64/imt_sdk_win_64/winarm/armgcc/bin/../lib/gcc/arm-none-eabi/7.2.1/../../../../arm-none-eabi/lib/thumb/v7e-m\libg_nano.a(lib_a-nano-vfprintf_i.o)
                0x08001f14                _printf_common
 *fill*         0x08001ffe        0x2 
 .text._printf_i
                0x08002000      0x224 d:/01- imt sdk/imt_sdk_win_64/imt_sdk_win_64/winarm/armgcc/bin/../lib/gcc/arm-none-eabi/7.2.1/../../../../arm-none-eabi/lib/thumb/v7e-m\libg_nano.a(lib_a-nano-vfprintf_i.o)
                0x08002000                _printf_i
 *fill*         0x08002224        0xc 
 .text          0x08002230       0xa0 d:/01- imt sdk/imt_sdk_win_64/imt_sdk_win_64/winarm/armgcc/bin/../lib/gcc/arm-none-eabi/7.2.1/../../../../arm-none-eabi/lib/thumb/v7e-m\libg_nano.a(lib_a-memchr.o)
                0x08002230                memchr
 .text.memcpy   0x080022d0       0x16 d:/01- imt sdk/imt_sdk_win_64/imt_sdk_win_64/winarm/armgcc/bin/../lib/gcc/arm-none-eabi/7.2.1/../../../../arm-none-eabi/lib/thumb/v7e-m\libg_nano.a(lib_a-memcpy-stub.o)
                0x080022d0                memcpy
 .text.memmove  0x080022e6       0x32 d:/01- imt sdk/imt_sdk_win_64/imt_sdk_win_64/winarm/armgcc/bin/../lib/gcc/arm-none-eabi/7.2.1/../../../../arm-none-eabi/lib/thumb/v7e-m\libg_nano.a(lib_a-memmove.o)
                0x080022e6                memmove
 .text._free_r  0x08002318       0x9c d:/01- imt sdk/imt_sdk_win_64/imt_sdk_win_64/winarm/armgcc/bin/../lib/gcc/arm-none-eabi/7.2.1/../../../../arm-none-eabi/lib/thumb/v7e-m\libg_nano.a(lib_a-nano-freer.o)
                0x08002318                _free_r
 .text._malloc_r
                0x080023b4       0xb4 d:/01- imt sdk/imt_sdk_win_64/imt_sdk_win_64/winarm/armgcc/bin/../lib/gcc/arm-none-eabi/7.2.1/../../../../arm-none-eabi/lib/thumb/v7e-m\libg_nano.a(lib_a-nano-mallocr.o)
                0x080023b4                _malloc_r
 .text._realloc_r
                0x08002468       0x4c d:/01- imt sdk/imt_sdk_win_64/imt_sdk_win_64/winarm/armgcc/bin/../lib/gcc/arm-none-eabi/7.2.1/../../../../arm-none-eabi/lib/thumb/v7e-m\libg_nano.a(lib_a-nano-reallocr.o)
                0x08002468                _realloc_r
 .text._sbrk_r  0x080024b4       0x20 d:/01- imt sdk/imt_sdk_win_64/imt_sdk_win_64/winarm/armgcc/bin/../lib/gcc/arm-none-eabi/7.2.1/../../../../arm-none-eabi/lib/thumb/v7e-m\libg_nano.a(lib_a-sbrkr.o)
                0x080024b4                _sbrk_r
 .text.__malloc_lock
                0x080024d4        0x2 d:/01- imt sdk/imt_sdk_win_64/imt_sdk_win_64/winarm/armgcc/bin/../lib/gcc/arm-none-eabi/7.2.1/../../../../arm-none-eabi/lib/thumb/v7e-m\libg_nano.a(lib_a-mlock.o)
                0x080024d4                __malloc_lock
 .text.__malloc_unlock
                0x080024d6        0x2 d:/01- imt sdk/imt_sdk_win_64/imt_sdk_win_64/winarm/armgcc/bin/../lib/gcc/arm-none-eabi/7.2.1/../../../../arm-none-eabi/lib/thumb/v7e-m\libg_nano.a(lib_a-mlock.o)
                0x080024d6                __malloc_unlock
 .text._malloc_usable_size_r
                0x080024d8       0x10 d:/01- imt sdk/imt_sdk_win_64/imt_sdk_win_64/winarm/armgcc/bin/../lib/gcc/arm-none-eabi/7.2.1/../../../../arm-none-eabi/lib/thumb/v7e-m\libg_nano.a(lib_a-nano-msizer.o)
                0x080024d8                _malloc_usable_size_r
 *(.rodata .rodata.* .constdata .constdata.*)
 .rodata.HAL_NVIC_SetPriorityGrouping.str1.4
                0x080024e8       0x31 ./system/src/stm32f4-hal/stm32f4xx_hal_cortex.o
 *fill*         0x08002519        0x3 
 .rodata.APBAHBPrescTable
                0x0800251c       0x10 ./system/src/stm32f4-hal/stm32f4xx_hal_rcc.o
                0x0800251c                APBAHBPrescTable
 .rodata.HAL_RCC_OscConfig.str1.4
                0x0800252c       0x2e ./system/src/stm32f4-hal/stm32f4xx_hal_rcc.o
 *fill*         0x0800255a        0x2 
 .rodata.abort.str1.4
                0x0800255c       0x14 ./system/src/newlib/_exit.o
 .rodata.assert_failed.str1.4
                0x08002570       0x2b ./system/src/newlib/assert.o
 .rodata.trace_puts.str1.4
                0x0800259b       0x2b ./system/src/diag/Trace.o
                                  0x2 (size before relaxing)
 *fill*         0x0800259b        0x1 
 .rodata.dumpExceptionStack.str1.4
                0x0800259c      0x11a ./system/src/cortexm/exception_handlers.o
 *fill*         0x080026b6        0x2 
 .rodata.str1.4
                0x080026b8       0x2c ./system/src/cortexm/exception_handlers.o
                                 0x2a (size before relaxing)
 .rodata.AHBPrescTable
                0x080026e4       0x10 ./system/src/cmsis/system_stm32f4xx.o
                0x080026e4                AHBPrescTable
 .rodata._svfprintf_r.str1.1
                0x080026f4       0x11 d:/01- imt sdk/imt_sdk_win_64/imt_sdk_win_64/winarm/armgcc/bin/../lib/gcc/arm-none-eabi/7.2.1/../../../../arm-none-eabi/lib/thumb/v7e-m\libg_nano.a(lib_a-nano-svfprintf.o)
 .rodata._printf_i.str1.1
                0x08002705       0x22 d:/01- imt sdk/imt_sdk_win_64/imt_sdk_win_64/winarm/armgcc/bin/../lib/gcc/arm-none-eabi/7.2.1/../../../../arm-none-eabi/lib/thumb/v7e-m\libg_nano.a(lib_a-nano-vfprintf_i.o)
 *(vtable)
 *(.eh_frame*)
 *(.glue_7)
 .glue_7        0x08002727        0x0 linker stubs
 *(.glue_7t)
 .glue_7t       0x08002727        0x0 linker stubs

.vfp11_veneer   0x08002728        0x0
 .vfp11_veneer  0x08002728        0x0 linker stubs

.v4_bx          0x08002728        0x0
 .v4_bx         0x08002728        0x0 linker stubs

.iplt           0x08002728        0x0
 .iplt          0x08002728        0x0 ./system/src/stm32f4-hal/stm32f4xx_hal.o

.rel.dyn        0x08002728        0x0
 .rel.iplt      0x08002728        0x0 ./system/src/stm32f4-hal/stm32f4xx_hal.o

.ARM.extab
 *(.ARM.extab* .gnu.linkonce.armextab.*)
                0x08002728                . = ALIGN (0x4)
                0x08002728                __exidx_start = .

.ARM.exidx
 *(.ARM.exidx* .gnu.linkonce.armexidx.*)
                0x08002728                __exidx_end = .
                0x08002728                . = ALIGN (0x4)
                0x08002728                _etext = .
                0x08002728                __etext = .

.data_CCMRAM    0x10000000        0x0 load address 0x08002728
 FILL mask 0xff
 *(.data.CCMRAM .data.CCMRAM.*)
                0x10000000                . = ALIGN (0x4)
                0x08002728                _sidata = LOADADDR (.data)

.data           0x20000000       0x88 load address 0x08002728
 FILL mask 0xff
                0x20000000                _sdata = .
                0x20000000                __data_start__ = .
 *(.data_begin .data_begin.*)
 .data_begin    0x20000000        0x4 ./system/src/newlib/_startup.o
 *(.data .data.*)
 .data.argv.4310
                0x20000004        0x8 ./system/src/newlib/_syscalls.o
 .data.SystemCoreClock
                0x2000000c        0x4 ./system/src/cmsis/system_stm32f4xx.o
                0x2000000c                SystemCoreClock
 .data.data     0x20000010        0x8 ./src/main.o
                0x20000010                data
 .data.data1    0x20000018        0x8 ./src/main.o
                0x20000018                data1
 .data._impure_ptr
                0x20000020        0x4 d:/01- imt sdk/imt_sdk_win_64/imt_sdk_win_64/winarm/armgcc/bin/../lib/gcc/arm-none-eabi/7.2.1/../../../../arm-none-eabi/lib/thumb/v7e-m\libg_nano.a(lib_a-impure.o)
                0x20000020                _impure_ptr
 .data.impure_data
                0x20000024       0x60 d:/01- imt sdk/imt_sdk_win_64/imt_sdk_win_64/winarm/armgcc/bin/../lib/gcc/arm-none-eabi/7.2.1/../../../../arm-none-eabi/lib/thumb/v7e-m\libg_nano.a(lib_a-impure.o)
 *(.data_end .data_end.*)
 .data_end      0x20000084        0x4 ./system/src/newlib/_startup.o
                0x20000088                . = ALIGN (0x4)
                0x20000088                _edata = .
                0x20000088                __data_end__ = .

.igot.plt       0x20000088        0x0 load address 0x080027b0
 .igot.plt      0x20000088        0x0 ./system/src/stm32f4-hal/stm32f4xx_hal.o

.bss_CCMRAM     0x10000000        0x0
 *(.bss.CCMRAM .bss.CCMRAM.*)

.bss            0x20000088       0xc4
                0x20000088                __bss_start__ = .
                0x20000088                _sbss = .
 *(.bss_begin .bss_begin.*)
 .bss_begin     0x20000088        0x4 ./system/src/newlib/_startup.o
 *(.bss .bss.*)
 .bss.current_heap_end.3961
                0x2000008c        0x4 ./system/src/newlib/_sbrk.o
 .bss.name.4309
                0x20000090        0x1 ./system/src/newlib/_syscalls.o
 *fill*         0x20000091        0x3 
 .bss.buf.5205  0x20000094       0x80 ./system/src/diag/Trace.o
 .bss.EXTI0_CallBack
                0x20000114        0x4 ./src/MEXTI_prg.o
 .bss.EXTI1_CallBack
                0x20000118        0x4 ./src/MEXTI_prg.o
 .bss.MUART2_CALLPTR
                0x2000011c        0x4 ./src/MUART_prg.o
                0x2000011c                MUART2_CALLPTR
 .bss.MUART_CALLPTR
                0x20000120        0x4 ./src/MUART_prg.o
                0x20000120                MUART_CALLPTR
 .bss.SPI1_CALLBACK_PTR
                0x20000124        0x4 ./src/SPI_prg.o
 .bss.__malloc_free_list
                0x20000128        0x4 d:/01- imt sdk/imt_sdk_win_64/imt_sdk_win_64/winarm/armgcc/bin/../lib/gcc/arm-none-eabi/7.2.1/../../../../arm-none-eabi/lib/thumb/v7e-m\libg_nano.a(lib_a-nano-mallocr.o)
                0x20000128                __malloc_free_list
 .bss.__malloc_sbrk_start
                0x2000012c        0x4 d:/01- imt sdk/imt_sdk_win_64/imt_sdk_win_64/winarm/armgcc/bin/../lib/gcc/arm-none-eabi/7.2.1/../../../../arm-none-eabi/lib/thumb/v7e-m\libg_nano.a(lib_a-nano-mallocr.o)
                0x2000012c                __malloc_sbrk_start
 *(COMMON)
 COMMON         0x20000130        0x4 ./system/src/stm32f4-hal/stm32f4xx_hal.o
                0x20000130                uwTick
 COMMON         0x20000134        0x4 ./system/src/newlib/_syscalls.o
                0x20000134                errno
 COMMON         0x20000138        0x1 ./src/MNVIC_prg.o
                0x20000138                Global_u8PRI
 *fill*         0x20000139        0x3 
 COMMON         0x2000013c        0xa ./src/main.o
                0x2000013c                arr
                0x2000013d                k
                0x2000013e                user
                0x20000140                entire
                0x20000144                motionsenser
                0x20000145                m
 *(.bss_end .bss_end.*)
 *fill*         0x20000146        0x2 
 .bss_end       0x20000148        0x4 ./system/src/newlib/_startup.o
                0x2000014c                . = ALIGN (0x4)
                0x2000014c                __bss_end__ = .
                0x2000014c                _ebss = .

.noinit_CCMRAM
 *(.noinit.CCMRAM .noinit.CCMRAM.*)

.noinit         0x2000014c        0x0
                0x2000014c                _noinit = .
 *(.noinit .noinit.*)
                0x2000014c                . = ALIGN (0x4)
                0x2000014c                _end_noinit = .
                [!provide]                PROVIDE (end, _end_noinit)
                [!provide]                PROVIDE (_end, _end_noinit)
                [!provide]                PROVIDE (__end, _end_noinit)
                [!provide]                PROVIDE (__end__, _end_noinit)

._check_stack   0x2000014c      0x100
                0x2000024c                . = (. + _Minimum_Stack_Size)
 *fill*         0x2000014c      0x100 

.b1text
 *(.b1text)
 *(.b1rodata)
 *(.b1rodata.*)

.eb0text
 *(.eb0text)
 *(.eb0rodata)
 *(.eb0rodata.*)

.eb1text
 *(.eb1text)
 *(.eb1rodata)
 *(.eb1rodata.*)

.eb2text
 *(.eb2text)
 *(.eb2rodata)
 *(.eb2rodata.*)

.eb3text
 *(.eb3text)
 *(.eb3rodata)
 *(.eb3rodata.*)

.stab
 *(.stab)

.stabstr
 *(.stabstr)

.stab.excl
 *(.stab.excl)

.stab.exclstr
 *(.stab.exclstr)

.stab.index
 *(.stab.index)

.stab.indexstr
 *(.stab.indexstr)

.comment        0x00000000       0x7e
 *(.comment)
 .comment       0x00000000       0x7e ./system/src/stm32f4-hal/stm32f4xx_hal.o
                                 0x7f (size before relaxing)
 .comment       0x0000007e       0x7f ./system/src/stm32f4-hal/stm32f4xx_hal_cortex.o
 .comment       0x0000007e       0x7f ./system/src/stm32f4-hal/stm32f4xx_hal_rcc.o
 .comment       0x0000007e       0x7f ./system/src/newlib/_exit.o
 .comment       0x0000007e       0x7f ./system/src/newlib/_sbrk.o
 .comment       0x0000007e       0x7f ./system/src/newlib/_startup.o
 .comment       0x0000007e       0x7f ./system/src/newlib/_syscalls.o
 .comment       0x0000007e       0x7f ./system/src/newlib/assert.o
 .comment       0x0000007e       0x7f ./system/src/diag/Trace.o
 .comment       0x0000007e       0x7f ./system/src/diag/trace_impl.o
 .comment       0x0000007e       0x7f ./system/src/cortexm/_initialize_hardware.o
 .comment       0x0000007e       0x7f ./system/src/cortexm/exception_handlers.o
 .comment       0x0000007e       0x7f ./system/src/cmsis/system_stm32f4xx.o
 .comment       0x0000007e       0x7f ./system/src/cmsis/vectors_stm32f401xc.o
 .comment       0x0000007e       0x7f ./src/LEDMATRIX_prg.o
 .comment       0x0000007e       0x7f ./src/MEXTI_prg.o
 .comment       0x0000007e       0x7f ./src/MGPIO_prg.o
 .comment       0x0000007e       0x7f ./src/MNVIC_prg.o
 .comment       0x0000007e       0x7f ./src/MRCC_prg.o
 .comment       0x0000007e       0x7f ./src/MUART_prg.o
 .comment       0x0000007e       0x7f ./src/SPI_prg.o
 .comment       0x0000007e       0x7f ./src/STK_prg.o
 .comment       0x0000007e       0x7f ./src/SYS_INIT.o
 .comment       0x0000007e       0x7f ./src/TFT_prg.o
 .comment       0x0000007e       0x7f ./src/_initialize_hardware.o
 .comment       0x0000007e       0x7f ./src/main.o
 .comment       0x0000007e       0x7f ./src/stm32f4xx_hal_msp.o

.ARM.attributes
                0x00000000       0x31
 .ARM.attributes
                0x00000000       0x33 ./system/src/stm32f4-hal/stm32f4xx_hal.o
 .ARM.attributes
                0x00000033       0x33 ./system/src/stm32f4-hal/stm32f4xx_hal_cortex.o
 .ARM.attributes
                0x00000066       0x33 ./system/src/stm32f4-hal/stm32f4xx_hal_rcc.o
 .ARM.attributes
                0x00000099       0x33 ./system/src/newlib/_exit.o
 .ARM.attributes
                0x000000cc       0x33 ./system/src/newlib/_sbrk.o
 .ARM.attributes
                0x000000ff       0x33 ./system/src/newlib/_startup.o
 .ARM.attributes
                0x00000132       0x33 ./system/src/newlib/_syscalls.o
 .ARM.attributes
                0x00000165       0x33 ./system/src/newlib/assert.o
 .ARM.attributes
                0x00000198       0x33 ./system/src/diag/Trace.o
 .ARM.attributes
                0x000001cb       0x33 ./system/src/diag/trace_impl.o
 .ARM.attributes
                0x000001fe       0x33 ./system/src/cortexm/_initialize_hardware.o
 .ARM.attributes
                0x00000231       0x33 ./system/src/cortexm/exception_handlers.o
 .ARM.attributes
                0x00000264       0x33 ./system/src/cmsis/system_stm32f4xx.o
 .ARM.attributes
                0x00000297       0x33 ./system/src/cmsis/vectors_stm32f401xc.o
 .ARM.attributes
                0x000002ca       0x33 ./src/LEDMATRIX_prg.o
 .ARM.attributes
                0x000002fd       0x33 ./src/MEXTI_prg.o
 .ARM.attributes
                0x00000330       0x33 ./src/MGPIO_prg.o
 .ARM.attributes
                0x00000363       0x33 ./src/MNVIC_prg.o
 .ARM.attributes
                0x00000396       0x33 ./src/MRCC_prg.o
 .ARM.attributes
                0x000003c9       0x33 ./src/MUART_prg.o
 .ARM.attributes
                0x000003fc       0x33 ./src/SPI_prg.o
 .ARM.attributes
                0x0000042f       0x33 ./src/STK_prg.o
 .ARM.attributes
                0x00000462       0x33 ./src/SYS_INIT.o
 .ARM.attributes
                0x00000495       0x33 ./src/TFT_prg.o
 .ARM.attributes
                0x000004c8       0x33 ./src/_initialize_hardware.o
 .ARM.attributes
                0x000004fb       0x33 ./src/main.o
 .ARM.attributes
                0x0000052e       0x33 ./src/stm32f4xx_hal_msp.o
 .ARM.attributes
                0x00000561       0x2e d:/01- imt sdk/imt_sdk_win_64/imt_sdk_win_64/winarm/armgcc/bin/../lib/gcc/arm-none-eabi/7.2.1/../../../../arm-none-eabi/lib/thumb/v7e-m\libg_nano.a(lib_a-errno.o)
 .ARM.attributes
                0x0000058f       0x2e d:/01- imt sdk/imt_sdk_win_64/imt_sdk_win_64/winarm/armgcc/bin/../lib/gcc/arm-none-eabi/7.2.1/../../../../arm-none-eabi/lib/thumb/v7e-m\libg_nano.a(lib_a-impure.o)
 .ARM.attributes
                0x000005bd       0x17 d:/01- imt sdk/imt_sdk_win_64/imt_sdk_win_64/winarm/armgcc/bin/../lib/gcc/arm-none-eabi/7.2.1/../../../../arm-none-eabi/lib/thumb/v7e-m\libg_nano.a(lib_a-strlen.o)
 .ARM.attributes
                0x000005d4       0x2e d:/01- imt sdk/imt_sdk_win_64/imt_sdk_win_64/winarm/armgcc/bin/../lib/gcc/arm-none-eabi/7.2.1/../../../../arm-none-eabi/lib/thumb/v7e-m\libg_nano.a(lib_a-vsnprintf.o)
 .ARM.attributes
                0x00000602       0x2e d:/01- imt sdk/imt_sdk_win_64/imt_sdk_win_64/winarm/armgcc/bin/../lib/gcc/arm-none-eabi/7.2.1/../../../../arm-none-eabi/lib/thumb/v7e-m\libg_nano.a(lib_a-nano-svfprintf.o)
 .ARM.attributes
                0x00000630       0x2e d:/01- imt sdk/imt_sdk_win_64/imt_sdk_win_64/winarm/armgcc/bin/../lib/gcc/arm-none-eabi/7.2.1/../../../../arm-none-eabi/lib/thumb/v7e-m\libg_nano.a(lib_a-nano-vfprintf_i.o)
 .ARM.attributes
                0x0000065e       0x1c d:/01- imt sdk/imt_sdk_win_64/imt_sdk_win_64/winarm/armgcc/bin/../lib/gcc/arm-none-eabi/7.2.1/../../../../arm-none-eabi/lib/thumb/v7e-m\libg_nano.a(lib_a-memchr.o)
 .ARM.attributes
                0x0000067a       0x2e d:/01- imt sdk/imt_sdk_win_64/imt_sdk_win_64/winarm/armgcc/bin/../lib/gcc/arm-none-eabi/7.2.1/../../../../arm-none-eabi/lib/thumb/v7e-m\libg_nano.a(lib_a-memcpy-stub.o)
 .ARM.attributes
                0x000006a8       0x2e d:/01- imt sdk/imt_sdk_win_64/imt_sdk_win_64/winarm/armgcc/bin/../lib/gcc/arm-none-eabi/7.2.1/../../../../arm-none-eabi/lib/thumb/v7e-m\libg_nano.a(lib_a-memmove.o)
 .ARM.attributes
                0x000006d6       0x2e d:/01- imt sdk/imt_sdk_win_64/imt_sdk_win_64/winarm/armgcc/bin/../lib/gcc/arm-none-eabi/7.2.1/../../../../arm-none-eabi/lib/thumb/v7e-m\libg_nano.a(lib_a-nano-freer.o)
 .ARM.attributes
                0x00000704       0x2e d:/01- imt sdk/imt_sdk_win_64/imt_sdk_win_64/winarm/armgcc/bin/../lib/gcc/arm-none-eabi/7.2.1/../../../../arm-none-eabi/lib/thumb/v7e-m\libg_nano.a(lib_a-nano-mallocr.o)
 .ARM.attributes
                0x00000732       0x2e d:/01- imt sdk/imt_sdk_win_64/imt_sdk_win_64/winarm/armgcc/bin/../lib/gcc/arm-none-eabi/7.2.1/../../../../arm-none-eabi/lib/thumb/v7e-m\libg_nano.a(lib_a-nano-reallocr.o)
 .ARM.attributes
                0x00000760       0x2e d:/01- imt sdk/imt_sdk_win_64/imt_sdk_win_64/winarm/armgcc/bin/../lib/gcc/arm-none-eabi/7.2.1/../../../../arm-none-eabi/lib/thumb/v7e-m\libg_nano.a(lib_a-sbrkr.o)
 .ARM.attributes
                0x0000078e       0x2e d:/01- imt sdk/imt_sdk_win_64/imt_sdk_win_64/winarm/armgcc/bin/../lib/gcc/arm-none-eabi/7.2.1/../../../../arm-none-eabi/lib/thumb/v7e-m\libg_nano.a(lib_a-mlock.o)
 .ARM.attributes
                0x000007bc       0x2e d:/01- imt sdk/imt_sdk_win_64/imt_sdk_win_64/winarm/armgcc/bin/../lib/gcc/arm-none-eabi/7.2.1/../../../../arm-none-eabi/lib/thumb/v7e-m\libg_nano.a(lib_a-nano-msizer.o)

.debug
 *(.debug)

.line
 *(.line)

.debug_srcinfo
 *(.debug_srcinfo)

.debug_sfnames
 *(.debug_sfnames)

.debug_aranges  0x00000000      0x7f8
 *(.debug_aranges)
 .debug_aranges
                0x00000000       0xc0 ./system/src/stm32f4-hal/stm32f4xx_hal.o
 .debug_aranges
                0x000000c0       0x98 ./system/src/stm32f4-hal/stm32f4xx_hal_cortex.o
 .debug_aranges
                0x00000158       0x88 ./system/src/stm32f4-hal/stm32f4xx_hal_rcc.o
 .debug_aranges
                0x000001e0       0x28 ./system/src/newlib/_exit.o
 .debug_aranges
                0x00000208       0x20 ./system/src/newlib/_sbrk.o
 .debug_aranges
                0x00000228       0x40 ./system/src/newlib/_startup.o
 .debug_aranges
                0x00000268       0x30 ./system/src/newlib/_syscalls.o
 .debug_aranges
                0x00000298       0x28 ./system/src/newlib/assert.o
 .debug_aranges
                0x000002c0       0x38 ./system/src/diag/Trace.o
 .debug_aranges
                0x000002f8       0x30 ./system/src/diag/trace_impl.o
 .debug_aranges
                0x00000328       0x28 ./system/src/cortexm/_initialize_hardware.o
 .debug_aranges
                0x00000350       0x90 ./system/src/cortexm/exception_handlers.o
 .debug_aranges
                0x000003e0       0x28 ./system/src/cmsis/system_stm32f4xx.o
 .debug_aranges
                0x00000408       0x20 ./system/src/cmsis/vectors_stm32f401xc.o
 .debug_aranges
                0x00000428       0x38 ./src/LEDMATRIX_prg.o
 .debug_aranges
                0x00000460       0x60 ./src/MEXTI_prg.o
 .debug_aranges
                0x000004c0       0x68 ./src/MGPIO_prg.o
 .debug_aranges
                0x00000528       0x50 ./src/MNVIC_prg.o
 .debug_aranges
                0x00000578       0x30 ./src/MRCC_prg.o
 .debug_aranges
                0x000005a8       0x98 ./src/MUART_prg.o
 .debug_aranges
                0x00000640       0x38 ./src/SPI_prg.o
 .debug_aranges
                0x00000678       0x68 ./src/STK_prg.o
 .debug_aranges
                0x000006e0       0x50 ./src/SYS_INIT.o
 .debug_aranges
                0x00000730       0x40 ./src/TFT_prg.o
 .debug_aranges
                0x00000770       0x28 ./src/_initialize_hardware.o
 .debug_aranges
                0x00000798       0x28 ./src/main.o
 .debug_aranges
                0x000007c0       0x38 ./src/stm32f4xx_hal_msp.o

.debug_pubnames
 *(.debug_pubnames)

.debug_info     0x00000000    0x2da93
 *(.debug_info .gnu.linkonce.wi.*)
 .debug_info    0x00000000     0x107e ./system/src/stm32f4-hal/stm32f4xx_hal.o
 .debug_info    0x0000107e     0x1863 ./system/src/stm32f4-hal/stm32f4xx_hal_cortex.o
 .debug_info    0x000028e1     0x177e ./system/src/stm32f4-hal/stm32f4xx_hal_rcc.o
 .debug_info    0x0000405f      0x956 ./system/src/newlib/_exit.o
 .debug_info    0x000049b5      0x942 ./system/src/newlib/_sbrk.o
 .debug_info    0x000052f7      0x4bf ./system/src/newlib/_startup.o
 .debug_info    0x000057b6      0xa19 ./system/src/newlib/_syscalls.o
 .debug_info    0x000061cf      0x9ff ./system/src/newlib/assert.o
 .debug_info    0x00006bce      0xb2a ./system/src/diag/Trace.o
 .debug_info    0x000076f8      0xb6b ./system/src/diag/trace_impl.o
 .debug_info    0x00008263      0xade ./system/src/cortexm/_initialize_hardware.o
 .debug_info    0x00008d41     0x115a ./system/src/cortexm/exception_handlers.o
 .debug_info    0x00009e9b      0xcfe ./system/src/cmsis/system_stm32f4xx.o
 .debug_info    0x0000ab99       0xca ./system/src/cmsis/vectors_stm32f401xc.o
 .debug_info    0x0000ac63      0x90c ./src/LEDMATRIX_prg.o
 .debug_info    0x0000b56f      0x347 ./src/MEXTI_prg.o
 .debug_info    0x0000b8b6      0x38e ./src/MGPIO_prg.o
 .debug_info    0x0000bc44      0x3b5 ./src/MNVIC_prg.o
 .debug_info    0x0000bff9      0x2c8 ./src/MRCC_prg.o
 .debug_info    0x0000c2c1      0x356 ./src/MUART_prg.o
 .debug_info    0x0000c617      0x260 ./src/SPI_prg.o
 .debug_info    0x0000c877      0x26f ./src/STK_prg.o
 .debug_info    0x0000cae6      0xa16 ./src/SYS_INIT.o
 .debug_info    0x0000d4fc      0x438 ./src/TFT_prg.o
 .debug_info    0x0000d934      0xd34 ./src/_initialize_hardware.o
 .debug_info    0x0000e668    0x1eb1c ./src/main.o
 .debug_info    0x0002d184      0x90f ./src/stm32f4xx_hal_msp.o

.debug_abbrev   0x00000000     0x32cd
 *(.debug_abbrev)
 .debug_abbrev  0x00000000      0x32b ./system/src/stm32f4-hal/stm32f4xx_hal.o
 .debug_abbrev  0x0000032b      0x3f1 ./system/src/stm32f4-hal/stm32f4xx_hal_cortex.o
 .debug_abbrev  0x0000071c      0x394 ./system/src/stm32f4-hal/stm32f4xx_hal_rcc.o
 .debug_abbrev  0x00000ab0      0x1f3 ./system/src/newlib/_exit.o
 .debug_abbrev  0x00000ca3      0x1fc ./system/src/newlib/_sbrk.o
 .debug_abbrev  0x00000e9f      0x1cb ./system/src/newlib/_startup.o
 .debug_abbrev  0x0000106a      0x234 ./system/src/newlib/_syscalls.o
 .debug_abbrev  0x0000129e      0x1f3 ./system/src/newlib/assert.o
 .debug_abbrev  0x00001491      0x276 ./system/src/diag/Trace.o
 .debug_abbrev  0x00001707      0x2ef ./system/src/diag/trace_impl.o
 .debug_abbrev  0x000019f6      0x1de ./system/src/cortexm/_initialize_hardware.o
 .debug_abbrev  0x00001bd4      0x32b ./system/src/cortexm/exception_handlers.o
 .debug_abbrev  0x00001eff      0x216 ./system/src/cmsis/system_stm32f4xx.o
 .debug_abbrev  0x00002115       0x9d ./system/src/cmsis/vectors_stm32f401xc.o
 .debug_abbrev  0x000021b2       0xa1 ./src/LEDMATRIX_prg.o
 .debug_abbrev  0x00002253      0x130 ./src/MEXTI_prg.o
 .debug_abbrev  0x00002383       0xeb ./src/MGPIO_prg.o
 .debug_abbrev  0x0000246e      0x146 ./src/MNVIC_prg.o
 .debug_abbrev  0x000025b4       0xa8 ./src/MRCC_prg.o
 .debug_abbrev  0x0000265c      0x204 ./src/MUART_prg.o
 .debug_abbrev  0x00002860      0x127 ./src/SPI_prg.o
 .debug_abbrev  0x00002987      0x12e ./src/STK_prg.o
 .debug_abbrev  0x00002ab5       0xfc ./src/SYS_INIT.o
 .debug_abbrev  0x00002bb1       0xd3 ./src/TFT_prg.o
 .debug_abbrev  0x00002c84      0x22d ./src/_initialize_hardware.o
 .debug_abbrev  0x00002eb1      0x26b ./src/main.o
 .debug_abbrev  0x0000311c      0x1b1 ./src/stm32f4xx_hal_msp.o

.debug_line     0x00000000     0x8e77
 *(.debug_line)
 .debug_line    0x00000000      0xba0 ./system/src/stm32f4-hal/stm32f4xx_hal.o
 .debug_line    0x00000ba0      0xc97 ./system/src/stm32f4-hal/stm32f4xx_hal_cortex.o
 .debug_line    0x00001837      0xe22 ./system/src/stm32f4-hal/stm32f4xx_hal_rcc.o
 .debug_line    0x00002659      0x363 ./system/src/newlib/_exit.o
 .debug_line    0x000029bc      0x317 ./system/src/newlib/_sbrk.o
 .debug_line    0x00002cd3      0x3df ./system/src/newlib/_startup.o
 .debug_line    0x000030b2      0x432 ./system/src/newlib/_syscalls.o
 .debug_line    0x000034e4      0x39e ./system/src/newlib/assert.o
 .debug_line    0x00003882      0x3df ./system/src/diag/Trace.o
 .debug_line    0x00003c61      0xad3 ./system/src/diag/trace_impl.o
 .debug_line    0x00004734      0xa3c ./system/src/cortexm/_initialize_hardware.o
 .debug_line    0x00005170      0xb8a ./system/src/cortexm/exception_handlers.o
 .debug_line    0x00005cfa      0xa42 ./system/src/cmsis/system_stm32f4xx.o
 .debug_line    0x0000673c      0x107 ./system/src/cmsis/vectors_stm32f401xc.o
 .debug_line    0x00006843      0x120 ./src/LEDMATRIX_prg.o
 .debug_line    0x00006963      0x136 ./src/MEXTI_prg.o
 .debug_line    0x00006a99      0x1ab ./src/MGPIO_prg.o
 .debug_line    0x00006c44      0x100 ./src/MNVIC_prg.o
 .debug_line    0x00006d44       0xd8 ./src/MRCC_prg.o
 .debug_line    0x00006e1c      0x20b ./src/MUART_prg.o
 .debug_line    0x00007027       0xf4 ./src/SPI_prg.o
 .debug_line    0x0000711b      0x147 ./src/STK_prg.o
 .debug_line    0x00007262      0x1fa ./src/SYS_INIT.o
 .debug_line    0x0000745c      0x13b ./src/TFT_prg.o
 .debug_line    0x00007597      0xa35 ./src/_initialize_hardware.o
 .debug_line    0x00007fcc      0x475 ./src/main.o
 .debug_line    0x00008441      0xa36 ./src/stm32f4xx_hal_msp.o

.debug_frame    0x00000000     0x12d0
 *(.debug_frame)
 .debug_frame   0x00000000      0x188 ./system/src/stm32f4-hal/stm32f4xx_hal.o
 .debug_frame   0x00000188      0x17c ./system/src/stm32f4-hal/stm32f4xx_hal_cortex.o
 .debug_frame   0x00000304      0x140 ./system/src/stm32f4-hal/stm32f4xx_hal_rcc.o
 .debug_frame   0x00000444       0x38 ./system/src/newlib/_exit.o
 .debug_frame   0x0000047c       0x28 ./system/src/newlib/_sbrk.o
 .debug_frame   0x000004a4       0x7c ./system/src/newlib/_startup.o
 .debug_frame   0x00000520       0x50 ./system/src/newlib/_syscalls.o
 .debug_frame   0x00000570       0x40 ./system/src/newlib/assert.o
 .debug_frame   0x000005b0       0x94 ./system/src/diag/Trace.o
 .debug_frame   0x00000644       0x64 ./system/src/diag/trace_impl.o
 .debug_frame   0x000006a8       0x40 ./system/src/cortexm/_initialize_hardware.o
 .debug_frame   0x000006e8      0x158 ./system/src/cortexm/exception_handlers.o
 .debug_frame   0x00000840       0x30 ./system/src/cmsis/system_stm32f4xx.o
 .debug_frame   0x00000870       0x20 ./system/src/cmsis/vectors_stm32f401xc.o
 .debug_frame   0x00000890       0x70 ./src/LEDMATRIX_prg.o
 .debug_frame   0x00000900       0xbc ./src/MEXTI_prg.o
 .debug_frame   0x000009bc       0xf0 ./src/MGPIO_prg.o
 .debug_frame   0x00000aac       0x80 ./src/MNVIC_prg.o
 .debug_frame   0x00000b2c       0x40 ./src/MRCC_prg.o
 .debug_frame   0x00000b6c      0x150 ./src/MUART_prg.o
 .debug_frame   0x00000cbc       0x60 ./src/SPI_prg.o
 .debug_frame   0x00000d1c       0xcc ./src/STK_prg.o
 .debug_frame   0x00000de8       0xb8 ./src/SYS_INIT.o
 .debug_frame   0x00000ea0       0x8c ./src/TFT_prg.o
 .debug_frame   0x00000f2c       0x4c ./src/_initialize_hardware.o
 .debug_frame   0x00000f78       0x40 ./src/main.o
 .debug_frame   0x00000fb8       0x50 ./src/stm32f4xx_hal_msp.o
 .debug_frame   0x00001008       0x20 d:/01- imt sdk/imt_sdk_win_64/imt_sdk_win_64/winarm/armgcc/bin/../lib/gcc/arm-none-eabi/7.2.1/../../../../arm-none-eabi/lib/thumb/v7e-m\libg_nano.a(lib_a-errno.o)
 .debug_frame   0x00001028       0x4c d:/01- imt sdk/imt_sdk_win_64/imt_sdk_win_64/winarm/armgcc/bin/../lib/gcc/arm-none-eabi/7.2.1/../../../../arm-none-eabi/lib/thumb/v7e-m\libg_nano.a(lib_a-vsnprintf.o)
 .debug_frame   0x00001074       0x90 d:/01- imt sdk/imt_sdk_win_64/imt_sdk_win_64/winarm/armgcc/bin/../lib/gcc/arm-none-eabi/7.2.1/../../../../arm-none-eabi/lib/thumb/v7e-m\libg_nano.a(lib_a-nano-svfprintf.o)
 .debug_frame   0x00001104       0x60 d:/01- imt sdk/imt_sdk_win_64/imt_sdk_win_64/winarm/armgcc/bin/../lib/gcc/arm-none-eabi/7.2.1/../../../../arm-none-eabi/lib/thumb/v7e-m\libg_nano.a(lib_a-nano-vfprintf_i.o)
 .debug_frame   0x00001164       0x28 d:/01- imt sdk/imt_sdk_win_64/imt_sdk_win_64/winarm/armgcc/bin/../lib/gcc/arm-none-eabi/7.2.1/../../../../arm-none-eabi/lib/thumb/v7e-m\libg_nano.a(lib_a-memcpy-stub.o)
 .debug_frame   0x0000118c       0x28 d:/01- imt sdk/imt_sdk_win_64/imt_sdk_win_64/winarm/armgcc/bin/../lib/gcc/arm-none-eabi/7.2.1/../../../../arm-none-eabi/lib/thumb/v7e-m\libg_nano.a(lib_a-memmove.o)
 .debug_frame   0x000011b4       0x38 d:/01- imt sdk/imt_sdk_win_64/imt_sdk_win_64/winarm/armgcc/bin/../lib/gcc/arm-none-eabi/7.2.1/../../../../arm-none-eabi/lib/thumb/v7e-m\libg_nano.a(lib_a-nano-freer.o)
 .debug_frame   0x000011ec       0x2c d:/01- imt sdk/imt_sdk_win_64/imt_sdk_win_64/winarm/armgcc/bin/../lib/gcc/arm-none-eabi/7.2.1/../../../../arm-none-eabi/lib/thumb/v7e-m\libg_nano.a(lib_a-nano-mallocr.o)
 .debug_frame   0x00001218       0x3c d:/01- imt sdk/imt_sdk_win_64/imt_sdk_win_64/winarm/armgcc/bin/../lib/gcc/arm-none-eabi/7.2.1/../../../../arm-none-eabi/lib/thumb/v7e-m\libg_nano.a(lib_a-nano-reallocr.o)
 .debug_frame   0x00001254       0x2c d:/01- imt sdk/imt_sdk_win_64/imt_sdk_win_64/winarm/armgcc/bin/../lib/gcc/arm-none-eabi/7.2.1/../../../../arm-none-eabi/lib/thumb/v7e-m\libg_nano.a(lib_a-sbrkr.o)
 .debug_frame   0x00001280       0x30 d:/01- imt sdk/imt_sdk_win_64/imt_sdk_win_64/winarm/armgcc/bin/../lib/gcc/arm-none-eabi/7.2.1/../../../../arm-none-eabi/lib/thumb/v7e-m\libg_nano.a(lib_a-mlock.o)
 .debug_frame   0x000012b0       0x20 d:/01- imt sdk/imt_sdk_win_64/imt_sdk_win_64/winarm/armgcc/bin/../lib/gcc/arm-none-eabi/7.2.1/../../../../arm-none-eabi/lib/thumb/v7e-m\libg_nano.a(lib_a-nano-msizer.o)

.debug_str      0x00000000    0x75a48
 *(.debug_str)
 .debug_str     0x00000000    0x6fc63 ./system/src/stm32f4-hal/stm32f4xx_hal.o
                              0x70097 (size before relaxing)
 .debug_str     0x0006fc63      0x396 ./system/src/stm32f4-hal/stm32f4xx_hal_cortex.o
                              0x6ff01 (size before relaxing)
 .debug_str     0x0006fff9      0x3fa ./system/src/stm32f4-hal/stm32f4xx_hal_rcc.o
                              0x6fc19 (size before relaxing)
 .debug_str     0x000703f3     0x10ff ./system/src/newlib/_exit.o
                               0x7ef8 (size before relaxing)
 .debug_str     0x000714f2      0x4f5 ./system/src/newlib/_sbrk.o
                               0x72aa (size before relaxing)
 .debug_str     0x000719e7      0x2c6 ./system/src/newlib/_startup.o
                               0x6a4b (size before relaxing)
 .debug_str     0x00071cad      0xe8b ./system/src/newlib/_syscalls.o
                               0x8185 (size before relaxing)
 .debug_str     0x00072b38       0xd0 ./system/src/newlib/assert.o
                               0x89fd (size before relaxing)
 .debug_str     0x00072c08      0x176 ./system/src/diag/Trace.o
                               0x8670 (size before relaxing)
 .debug_str     0x00072d7e      0x37b ./system/src/diag/trace_impl.o
                              0x70996 (size before relaxing)
 .debug_str     0x000730f9       0x5e ./system/src/cortexm/_initialize_hardware.o
                              0x6f728 (size before relaxing)
 .debug_str     0x00073157      0x19d ./system/src/cortexm/exception_handlers.o
                              0x70b20 (size before relaxing)
 .debug_str     0x000732f4       0x46 ./system/src/cmsis/system_stm32f4xx.o
                              0x6f809 (size before relaxing)
 .debug_str     0x0007333a       0x59 ./system/src/cmsis/vectors_stm32f401xc.o
                               0x3888 (size before relaxing)
 .debug_str     0x00073393      0x517 ./src/LEDMATRIX_prg.o
                               0x32d3 (size before relaxing)
 .debug_str     0x000738aa      0x337 ./src/MEXTI_prg.o
                               0x321b (size before relaxing)
 .debug_str     0x00073be1      0x25f ./src/MGPIO_prg.o
                               0x33d1 (size before relaxing)
 .debug_str     0x00073e40      0x2de ./src/MNVIC_prg.o
                               0x31ce (size before relaxing)
 .debug_str     0x0007411e      0x6d5 ./src/MRCC_prg.o
                               0x3666 (size before relaxing)
 .debug_str     0x000747f3      0x75b ./src/MUART_prg.o
                               0x3680 (size before relaxing)
 .debug_str     0x00074f4e      0x557 ./src/SPI_prg.o
                               0x3699 (size before relaxing)
 .debug_str     0x000754a5      0x1f9 ./src/STK_prg.o
                               0x3124 (size before relaxing)
 .debug_str     0x0007569e      0x1e1 ./src/SYS_INIT.o
                               0x3906 (size before relaxing)
 .debug_str     0x0007587f       0xcb ./src/TFT_prg.o
                               0x3354 (size before relaxing)
 .debug_str     0x0007594a       0x31 ./src/_initialize_hardware.o
                              0x6f91f (size before relaxing)
 .debug_str     0x0007597b       0x90 ./src/main.o
                               0x8f07 (size before relaxing)
 .debug_str     0x00075a0b       0x3d ./src/stm32f4xx_hal_msp.o
                              0x6f670 (size before relaxing)

.debug_loc      0x00000000     0x28b5
 *(.debug_loc)
 .debug_loc     0x00000000       0x92 ./system/src/stm32f4-hal/stm32f4xx_hal.o
 .debug_loc     0x00000092      0x73b ./system/src/stm32f4-hal/stm32f4xx_hal_cortex.o
 .debug_loc     0x000007cd      0x50a ./system/src/stm32f4-hal/stm32f4xx_hal_rcc.o
 .debug_loc     0x00000cd7       0x85 ./system/src/newlib/_sbrk.o
 .debug_loc     0x00000d5c      0x2cb ./system/src/newlib/_startup.o
 .debug_loc     0x00001027       0x63 ./system/src/newlib/_syscalls.o
 .debug_loc     0x0000108a      0x134 ./system/src/newlib/assert.o
 .debug_loc     0x000011be       0xf6 ./system/src/diag/Trace.o
 .debug_loc     0x000012b4      0x121 ./system/src/diag/trace_impl.o
 .debug_loc     0x000013d5      0x291 ./system/src/cortexm/exception_handlers.o
 .debug_loc     0x00001666      0x13e ./system/src/cmsis/system_stm32f4xx.o
 .debug_loc     0x000017a4       0x3f ./src/LEDMATRIX_prg.o
 .debug_loc     0x000017e3      0x150 ./src/MEXTI_prg.o
 .debug_loc     0x00001933      0x81f ./src/MGPIO_prg.o
 .debug_loc     0x00002152      0x2c8 ./src/MNVIC_prg.o
 .debug_loc     0x0000241a      0x1b0 ./src/MRCC_prg.o
 .debug_loc     0x000025ca      0x126 ./src/MUART_prg.o
 .debug_loc     0x000026f0       0x21 ./src/SPI_prg.o
 .debug_loc     0x00002711       0x47 ./src/STK_prg.o
 .debug_loc     0x00002758       0x65 ./src/SYS_INIT.o
 .debug_loc     0x000027bd       0xce ./src/TFT_prg.o
 .debug_loc     0x0000288b       0x2a ./src/main.o

.debug_macinfo
 *(.debug_macinfo)

.debug_weaknames
 *(.debug_weaknames)

.debug_funcnames
 *(.debug_funcnames)

.debug_typenames
 *(.debug_typenames)

.debug_varnames
 *(.debug_varnames)
OUTPUT(Car_Parking_slave.elf elf32-littlearm)

.debug_ranges   0x00000000      0x738
 .debug_ranges  0x00000000       0xb0 ./system/src/stm32f4-hal/stm32f4xx_hal.o
 .debug_ranges  0x000000b0       0xe8 ./system/src/stm32f4-hal/stm32f4xx_hal_cortex.o
 .debug_ranges  0x00000198       0x78 ./system/src/stm32f4-hal/stm32f4xx_hal_rcc.o
 .debug_ranges  0x00000210       0x18 ./system/src/newlib/_exit.o
 .debug_ranges  0x00000228       0x10 ./system/src/newlib/_sbrk.o
 .debug_ranges  0x00000238       0x90 ./system/src/newlib/_startup.o
 .debug_ranges  0x000002c8       0x20 ./system/src/newlib/_syscalls.o
 .debug_ranges  0x000002e8       0x18 ./system/src/newlib/assert.o
 .debug_ranges  0x00000300       0x28 ./system/src/diag/Trace.o
 .debug_ranges  0x00000328       0x50 ./system/src/diag/trace_impl.o
 .debug_ranges  0x00000378       0x18 ./system/src/cortexm/_initialize_hardware.o
 .debug_ranges  0x00000390       0x80 ./system/src/cortexm/exception_handlers.o
 .debug_ranges  0x00000410       0x18 ./system/src/cmsis/system_stm32f4xx.o
 .debug_ranges  0x00000428       0x10 ./system/src/cmsis/vectors_stm32f401xc.o
 .debug_ranges  0x00000438       0x28 ./src/LEDMATRIX_prg.o
 .debug_ranges  0x00000460       0x50 ./src/MEXTI_prg.o
 .debug_ranges  0x000004b0       0x58 ./src/MGPIO_prg.o
 .debug_ranges  0x00000508       0x40 ./src/MNVIC_prg.o
 .debug_ranges  0x00000548       0x20 ./src/MRCC_prg.o
 .debug_ranges  0x00000568       0x88 ./src/MUART_prg.o
 .debug_ranges  0x000005f0       0x28 ./src/SPI_prg.o
 .debug_ranges  0x00000618       0x58 ./src/STK_prg.o
 .debug_ranges  0x00000670       0x40 ./src/SYS_INIT.o
 .debug_ranges  0x000006b0       0x30 ./src/TFT_prg.o
 .debug_ranges  0x000006e0       0x18 ./src/_initialize_hardware.o
 .debug_ranges  0x000006f8       0x18 ./src/main.o
 .debug_ranges  0x00000710       0x28 ./src/stm32f4xx_hal_msp.o

.debug_macro    0x00000000    0x15bab
 .debug_macro   0x00000000      0x532 ./system/src/stm32f4-hal/stm32f4xx_hal.o
 .debug_macro   0x00000532      0xa6c ./system/src/stm32f4-hal/stm32f4xx_hal.o
 .debug_macro   0x00000f9e      0x289 ./system/src/stm32f4-hal/stm32f4xx_hal.o
 .debug_macro   0x00001227       0x31 ./system/src/stm32f4-hal/stm32f4xx_hal.o
 .debug_macro   0x00001258       0x28 ./system/src/stm32f4-hal/stm32f4xx_hal.o
 .debug_macro   0x00001280      0x34e ./system/src/stm32f4-hal/stm32f4xx_hal.o
 .debug_macro   0x000015ce       0x35 ./system/src/stm32f4-hal/stm32f4xx_hal.o
 .debug_macro   0x00001603       0x50 ./system/src/stm32f4-hal/stm32f4xx_hal.o
 .debug_macro   0x00001653      0xe66 ./system/src/stm32f4-hal/stm32f4xx_hal.o
 .debug_macro   0x000024b9     0x5099 ./system/src/stm32f4-hal/stm32f4xx_hal.o
 .debug_macro   0x00007552       0x43 ./system/src/stm32f4-hal/stm32f4xx_hal.o
 .debug_macro   0x00007595     0x347f ./system/src/stm32f4-hal/stm32f4xx_hal.o
 .debug_macro   0x0000aa14       0x22 ./system/src/stm32f4-hal/stm32f4xx_hal.o
 .debug_macro   0x0000aa36       0x52 ./system/src/stm32f4-hal/stm32f4xx_hal.o
 .debug_macro   0x0000aa88       0x17 ./system/src/stm32f4-hal/stm32f4xx_hal.o
 .debug_macro   0x0000aa9f       0x8d ./system/src/stm32f4-hal/stm32f4xx_hal.o
 .debug_macro   0x0000ab2c       0x35 ./system/src/stm32f4-hal/stm32f4xx_hal.o
 .debug_macro   0x0000ab61       0x9c ./system/src/stm32f4-hal/stm32f4xx_hal.o
 .debug_macro   0x0000abfd       0x16 ./system/src/stm32f4-hal/stm32f4xx_hal.o
 .debug_macro   0x0000ac13       0x57 ./system/src/stm32f4-hal/stm32f4xx_hal.o
 .debug_macro   0x0000ac6a       0x97 ./system/src/stm32f4-hal/stm32f4xx_hal.o
 .debug_macro   0x0000ad01      0x330 ./system/src/stm32f4-hal/stm32f4xx_hal.o
 .debug_macro   0x0000b031       0xfd ./system/src/stm32f4-hal/stm32f4xx_hal.o
 .debug_macro   0x0000b12e       0x10 ./system/src/stm32f4-hal/stm32f4xx_hal.o
 .debug_macro   0x0000b13e       0x58 ./system/src/stm32f4-hal/stm32f4xx_hal.o
 .debug_macro   0x0000b196       0x1f ./system/src/stm32f4-hal/stm32f4xx_hal.o
 .debug_macro   0x0000b1b5       0x43 ./system/src/stm32f4-hal/stm32f4xx_hal.o
 .debug_macro   0x0000b1f8       0x20 ./system/src/stm32f4-hal/stm32f4xx_hal.o
 .debug_macro   0x0000b218      0x18e ./system/src/stm32f4-hal/stm32f4xx_hal.o
 .debug_macro   0x0000b3a6       0x10 ./system/src/stm32f4-hal/stm32f4xx_hal.o
 .debug_macro   0x0000b3b6       0x6a ./system/src/stm32f4-hal/stm32f4xx_hal.o
 .debug_macro   0x0000b420       0x1c ./system/src/stm32f4-hal/stm32f4xx_hal.o
 .debug_macro   0x0000b43c       0x52 ./system/src/stm32f4-hal/stm32f4xx_hal.o
 .debug_macro   0x0000b48e       0x40 ./system/src/stm32f4-hal/stm32f4xx_hal.o
 .debug_macro   0x0000b4ce       0x10 ./system/src/stm32f4-hal/stm32f4xx_hal.o
 .debug_macro   0x0000b4de       0x40 ./system/src/stm32f4-hal/stm32f4xx_hal.o
 .debug_macro   0x0000b51e       0xd7 ./system/src/stm32f4-hal/stm32f4xx_hal.o
 .debug_macro   0x0000b5f5       0x1c ./system/src/stm32f4-hal/stm32f4xx_hal.o
 .debug_macro   0x0000b611       0x3d ./system/src/stm32f4-hal/stm32f4xx_hal.o
 .debug_macro   0x0000b64e       0x16 ./system/src/stm32f4-hal/stm32f4xx_hal.o
 .debug_macro   0x0000b664      0x16f ./system/src/stm32f4-hal/stm32f4xx_hal.o
 .debug_macro   0x0000b7d3       0x57 ./system/src/stm32f4-hal/stm32f4xx_hal.o
 .debug_macro   0x0000b82a      0x424 ./system/src/stm32f4-hal/stm32f4xx_hal.o
 .debug_macro   0x0000bc4e      0x9e1 ./system/src/stm32f4-hal/stm32f4xx_hal.o
 .debug_macro   0x0000c62f      0x11e ./system/src/stm32f4-hal/stm32f4xx_hal.o
 .debug_macro   0x0000c74d       0xf8 ./system/src/stm32f4-hal/stm32f4xx_hal.o
 .debug_macro   0x0000c845       0x27 ./system/src/stm32f4-hal/stm32f4xx_hal.o
 .debug_macro   0x0000c86c      0x287 ./system/src/stm32f4-hal/stm32f4xx_hal.o
 .debug_macro   0x0000caf3       0x5f ./system/src/stm32f4-hal/stm32f4xx_hal.o
 .debug_macro   0x0000cb52      0x23a ./system/src/stm32f4-hal/stm32f4xx_hal.o
 .debug_macro   0x0000cd8c      0x391 ./system/src/stm32f4-hal/stm32f4xx_hal.o
 .debug_macro   0x0000d11d      0x16f ./system/src/stm32f4-hal/stm32f4xx_hal.o
 .debug_macro   0x0000d28c       0xf9 ./system/src/stm32f4-hal/stm32f4xx_hal.o
 .debug_macro   0x0000d385       0x23 ./system/src/stm32f4-hal/stm32f4xx_hal.o
 .debug_macro   0x0000d3a8      0x13a ./system/src/stm32f4-hal/stm32f4xx_hal.o
 .debug_macro   0x0000d4e2      0x23a ./system/src/stm32f4-hal/stm32f4xx_hal.o
 .debug_macro   0x0000d71c       0x2e ./system/src/stm32f4-hal/stm32f4xx_hal.o
 .debug_macro   0x0000d74a      0x1a7 ./system/src/stm32f4-hal/stm32f4xx_hal.o
 .debug_macro   0x0000d8f1       0x22 ./system/src/stm32f4-hal/stm32f4xx_hal.o
 .debug_macro   0x0000d913       0xa5 ./system/src/stm32f4-hal/stm32f4xx_hal.o
 .debug_macro   0x0000d9b8      0x18b ./system/src/stm32f4-hal/stm32f4xx_hal.o
 .debug_macro   0x0000db43       0x24 ./system/src/stm32f4-hal/stm32f4xx_hal.o
 .debug_macro   0x0000db67       0x35 ./system/src/stm32f4-hal/stm32f4xx_hal.o
 .debug_macro   0x0000db9c       0x79 ./system/src/stm32f4-hal/stm32f4xx_hal.o
 .debug_macro   0x0000dc15      0x11e ./system/src/stm32f4-hal/stm32f4xx_hal.o
 .debug_macro   0x0000dd33       0x85 ./system/src/stm32f4-hal/stm32f4xx_hal.o
 .debug_macro   0x0000ddb8       0x89 ./system/src/stm32f4-hal/stm32f4xx_hal.o
 .debug_macro   0x0000de41      0x31a ./system/src/stm32f4-hal/stm32f4xx_hal.o
 .debug_macro   0x0000e15b      0x409 ./system/src/stm32f4-hal/stm32f4xx_hal.o
 .debug_macro   0x0000e564       0xe4 ./system/src/stm32f4-hal/stm32f4xx_hal.o
 .debug_macro   0x0000e648      0x48d ./system/src/stm32f4-hal/stm32f4xx_hal.o
 .debug_macro   0x0000ead5      0x22b ./system/src/stm32f4-hal/stm32f4xx_hal.o
 .debug_macro   0x0000ed00      0x202 ./system/src/stm32f4-hal/stm32f4xx_hal.o
 .debug_macro   0x0000ef02      0x6d9 ./system/src/stm32f4-hal/stm32f4xx_hal.o
 .debug_macro   0x0000f5db       0x5b ./system/src/stm32f4-hal/stm32f4xx_hal.o
 .debug_macro   0x0000f636      0x14d ./system/src/stm32f4-hal/stm32f4xx_hal.o
 .debug_macro   0x0000f783      0x287 ./system/src/stm32f4-hal/stm32f4xx_hal.o
 .debug_macro   0x0000fa0a      0x225 ./system/src/stm32f4-hal/stm32f4xx_hal.o
 .debug_macro   0x0000fc2f      0x1b5 ./system/src/stm32f4-hal/stm32f4xx_hal.o
 .debug_macro   0x0000fde4      0x2db ./system/src/stm32f4-hal/stm32f4xx_hal.o
 .debug_macro   0x000100bf       0x89 ./system/src/stm32f4-hal/stm32f4xx_hal.o
 .debug_macro   0x00010148      0x1df ./system/src/stm32f4-hal/stm32f4xx_hal.o
 .debug_macro   0x00010327      0x115 ./system/src/stm32f4-hal/stm32f4xx_hal.o
 .debug_macro   0x0001043c       0x6e ./system/src/stm32f4-hal/stm32f4xx_hal.o
 .debug_macro   0x000104aa      0x11e ./system/src/stm32f4-hal/stm32f4xx_hal.o
 .debug_macro   0x000105c8      0x4e4 ./system/src/stm32f4-hal/stm32f4xx_hal_cortex.o
 .debug_macro   0x00010aac      0x50e ./system/src/stm32f4-hal/stm32f4xx_hal_rcc.o
 .debug_macro   0x00010fba      0x1b4 ./system/src/newlib/_exit.o
 .debug_macro   0x0001116e      0x10e ./system/src/newlib/_exit.o
 .debug_macro   0x0001127c       0x8d ./system/src/newlib/_exit.o
 .debug_macro   0x00011309       0x35 ./system/src/newlib/_exit.o
 .debug_macro   0x0001133e      0x169 ./system/src/newlib/_sbrk.o
 .debug_macro   0x000114a7      0x174 ./system/src/newlib/_sbrk.o
 .debug_macro   0x0001161b       0x10 ./system/src/newlib/_sbrk.o
 .debug_macro   0x0001162b      0x23b ./system/src/newlib/_sbrk.o
 .debug_macro   0x00011866      0x173 ./system/src/newlib/_startup.o
 .debug_macro   0x000119d9      0xa72 ./system/src/newlib/_startup.o
 .debug_macro   0x0001244b      0x217 ./system/src/newlib/_syscalls.o
 .debug_macro   0x00012662       0x1c ./system/src/newlib/_syscalls.o
 .debug_macro   0x0001267e       0x10 ./system/src/newlib/_syscalls.o
 .debug_macro   0x0001268e       0x10 ./system/src/newlib/_syscalls.o
 .debug_macro   0x0001269e       0x10 ./system/src/newlib/_syscalls.o
 .debug_macro   0x000126ae       0x35 ./system/src/newlib/_syscalls.o
 .debug_macro   0x000126e3      0x122 ./system/src/newlib/_syscalls.o
 .debug_macro   0x00012805       0x88 ./system/src/newlib/_syscalls.o
 .debug_macro   0x0001288d       0x2b ./system/src/newlib/_syscalls.o
 .debug_macro   0x000128b8      0x118 ./system/src/newlib/_syscalls.o
 .debug_macro   0x000129d0      0x189 ./system/src/newlib/_syscalls.o
 .debug_macro   0x00012b59       0x16 ./system/src/newlib/_syscalls.o
 .debug_macro   0x00012b6f      0x1d0 ./system/src/newlib/assert.o
 .debug_macro   0x00012d3f       0x1c ./system/src/newlib/assert.o
 .debug_macro   0x00012d5b      0x1fb ./system/src/diag/Trace.o
 .debug_macro   0x00012f56       0x4c ./system/src/diag/Trace.o
 .debug_macro   0x00012fa2       0x16 ./system/src/diag/Trace.o
 .debug_macro   0x00012fb8      0x52a ./system/src/diag/trace_impl.o
 .debug_macro   0x000134e2       0x22 ./system/src/diag/trace_impl.o
 .debug_macro   0x00013504      0x4ee ./system/src/cortexm/_initialize_hardware.o
 .debug_macro   0x000139f2      0x557 ./system/src/cortexm/exception_handlers.o
 .debug_macro   0x00013f49       0x3b ./system/src/cortexm/exception_handlers.o
 .debug_macro   0x00013f84      0x4ea ./system/src/cmsis/system_stm32f4xx.o
 .debug_macro   0x0001446e       0x34 ./system/src/cmsis/vectors_stm32f401xc.o
 .debug_macro   0x000144a2       0x3e ./src/LEDMATRIX_prg.o
 .debug_macro   0x000144e0       0x6a ./src/LEDMATRIX_prg.o
 .debug_macro   0x0001454a       0x44 ./src/MEXTI_prg.o
 .debug_macro   0x0001458e       0x28 ./src/MEXTI_prg.o
 .debug_macro   0x000145b6       0x3f ./src/MGPIO_prg.o
 .debug_macro   0x000145f5       0x3c ./src/MNVIC_prg.o
 .debug_macro   0x00014631       0x22 ./src/MNVIC_prg.o
 .debug_macro   0x00014653       0x3e ./src/MRCC_prg.o
 .debug_macro   0x00014691      0x11e ./src/MRCC_prg.o
 .debug_macro   0x000147af      0x106 ./src/MRCC_prg.o
 .debug_macro   0x000148b5       0x22 ./src/MRCC_prg.o
 .debug_macro   0x000148d7       0x48 ./src/MUART_prg.o
 .debug_macro   0x0001491f      0x1d8 ./src/MUART_prg.o
 .debug_macro   0x00014af7       0x46 ./src/MUART_prg.o
 .debug_macro   0x00014b3d       0x47 ./src/SPI_prg.o
 .debug_macro   0x00014b84       0x5e ./src/SPI_prg.o
 .debug_macro   0x00014be2      0x148 ./src/SPI_prg.o
 .debug_macro   0x00014d2a       0x22 ./src/SPI_prg.o
 .debug_macro   0x00014d4c       0x3e ./src/STK_prg.o
 .debug_macro   0x00014d8a       0x2e ./src/STK_prg.o
 .debug_macro   0x00014db8       0x16 ./src/STK_prg.o
 .debug_macro   0x00014dce       0xa9 ./src/SYS_INIT.o
 .debug_macro   0x00014e77       0x64 ./src/SYS_INIT.o
 .debug_macro   0x00014edb       0x10 ./src/SYS_INIT.o
 .debug_macro   0x00014eeb       0x5b ./src/TFT_prg.o
 .debug_macro   0x00014f46       0x16 ./src/TFT_prg.o
 .debug_macro   0x00014f5c      0x4e4 ./src/_initialize_hardware.o
 .debug_macro   0x00015440      0x287 ./src/main.o
 .debug_macro   0x000156c7      0x4e4 ./src/stm32f4xx_hal_msp.o
